<html>
<body>
<pre>
<h1>µVision Build Log</h1>
<h2>Tool Versions:</h2>
IDE-Version: ¦ÌVision V5.12.0.0
Copyright (C) 2014 ARM Ltd and ARM Germany GmbH. All rights reserved.
License Information: Joy Euler, EulerSpace, LIC=03C01-CDH2T-Z8SFH-W2LAT-5EIBC-3KHJQ
 
Tool Versions:
Toolchain:       MDK-ARM Standard  Version: 5.12.0.0
Toolchain Path:  C:\Keil_v5\ARM\ARMCC\Bin
C Compiler:      Armcc.exe V5.05 (build 41)
Assembler:       Armasm.exe V5.05 (build 41)
Linker/Locator:  ArmLink.exe V5.05 (build 41)
Library Manager: ArmAr.exe V5.05 (build 41)
Hex Converter:   FromElf.exe V5.05 (build 41)
CPU DLL:         SARMCM3.DLL V5.12.0.0
Dialog DLL:      DCM.DLL V1.13.0.0
    Target DLL: Segger\JL2CM3.dll
Dialog DLL:      TCM.DLL V1.14.2.0
 
<h2>Project:</h2>
Z:\Code\Flow\Flow-master\px4flow.uvprojx
Project File Date:  03/02/2015

<h2>Output:</h2>
Build target 'px4flow'
compiling communication.c...
src\communication.c(141): warning:  #514-D: pointless comparison of unsigned integer with a negative constant
                                if (set.param_id[0] != -1)
src\communication.c: 1 warning, 0 errors
compiling dcmi.c...
compiling debug.c...
compiling flow.c...
compiling gyro.c...
src\gyro.c(222): warning:  #111-D: statement is unreachable
        l3gd20_CS_HIGH();
src\gyro.c: 1 warning, 0 errors
compiling i2c.c...
compiling led.c...
compiling main.c...
compiling mt9v034.c...
compiling reset.c...
compiling settings.c...
compiling sonar.c...
compiling sonar_mode_filter.c...
compiling stm32f4xx_it.c...
compiling system_stm32f4xx.c...
compiling usart.c...
compiling usb_bsp.c...
compiling usbd_cdc_vcp.c...
compiling usbd_desc.c...
compiling usbd_usr.c...
compiling utils.c...
assembling startup_stm32f429_439xx.S...
compiling stm32f4xx_adc.c...
compiling stm32f4xx_dcmi.c...
compiling stm32f4xx_dma.c...
compiling stm32f4xx_gpio.c...
compiling stm32f4xx_i2c.c...
compiling stm32f4xx_rcc.c...
compiling stm32f4xx_spi.c...
compiling stm32f4xx_tim.c...
compiling stm32f4xx_usart.c...
compiling misc.c...
compiling usb_core.c...
compiling usb_dcd.c...
compiling usb_dcd_int.c...
compiling usbd_core.c...
compiling usbd_ioreq.c...
compiling usbd_req.c...
compiling usbd_cdc_core.c...
linking...
Program Size: Code=39216 RO-data=872 RW-data=8896 ZI-data=114520  
".\output\pilotF4\pilotF4.axf" - 0 Error(s), 2 Warning(s).

<h2>Collection of Component include folders:</h2>
  Z:\Code\Flow\Flow-master\RTE
  C:\Keil_v5\ARM\PACK\Keil\STM32F4xx_DFP\2.3.0\Drivers\CMSIS\Device\ST\STM32F4xx\Include

<h2>Collection of Component Files used:</h2>
