Component: ARM Compiler 5.05 (build 41) Tool: armlink [4d0eb9]

==============================================================================

Section Cross References

    communication.o(i._mav_finalize_message_chan_send) refers to communication.o(i.mavlink_get_channel_status) for mavlink_get_channel_status
    communication.o(i._mav_finalize_message_chan_send) refers to communication.o(i.crc_accumulate) for crc_accumulate
    communication.o(i._mav_finalize_message_chan_send) refers to communication.o(i._mavlink_send_uart) for _mavlink_send_uart
    communication.o(i._mav_finalize_message_chan_send) refers to communication.o(.bss) for mavlink_system
    communication.o(i._mavlink_send_uart) refers to communication.o(i.mavlink_send_uart_bytes) for mavlink_send_uart_bytes
    communication.o(i.communication_init) refers to settings.o(.bss) for global_data
    communication.o(i.communication_init) refers to communication.o(.bss) for mavlink_system
    communication.o(i.communication_parameter_send) refers to communication.o(i.mavlink_msg_param_value_send) for mavlink_msg_param_value_send
    communication.o(i.communication_parameter_send) refers to communication.o(.data) for m_parameter_i
    communication.o(i.communication_parameter_send) refers to settings.o(.bss) for global_data
    communication.o(i.communication_receive) refers to usart.o(i.usart3_rx_ringbuffer_pop) for usart3_rx_ringbuffer_pop
    communication.o(i.communication_receive) refers to communication.o(i.mavlink_parse_char) for mavlink_parse_char
    communication.o(i.communication_receive) refers to communication.o(i.handle_mavlink_message) for handle_mavlink_message
    communication.o(i.communication_receive) refers to usart.o(i.usart3_char_available) for usart3_char_available
    communication.o(i.communication_receive_forward) refers to usart.o(i.usart2_rx_ringbuffer_pop) for usart2_rx_ringbuffer_pop
    communication.o(i.communication_receive_forward) refers to communication.o(i.mavlink_parse_char) for mavlink_parse_char
    communication.o(i.communication_receive_forward) refers to communication.o(i.handle_mavlink_message) for handle_mavlink_message
    communication.o(i.communication_receive_forward) refers to usart.o(i.usart2_char_available) for usart2_char_available
    communication.o(i.communication_receive_usb) refers to communication.o(i.mavlink_parse_char) for mavlink_parse_char
    communication.o(i.communication_receive_usb) refers to communication.o(i.handle_mavlink_message) for handle_mavlink_message
    communication.o(i.communication_receive_usb) refers to usbd_cdc_vcp.o(i.VCP_get_char) for VCP_get_char
    communication.o(i.communication_system_state_send) refers to communication.o(i.mavlink_msg_heartbeat_send) for mavlink_msg_heartbeat_send
    communication.o(i.communication_system_state_send) refers to settings.o(.bss) for global_data
    communication.o(i.handle_mavlink_message) refers to communication.o(i.mavlink_msg_to_send_buffer) for mavlink_msg_to_send_buffer
    communication.o(i.handle_mavlink_message) refers to communication.o(i.mavlink_send_uart_bytes) for mavlink_send_uart_bytes
    communication.o(i.handle_mavlink_message) refers to memcpya.o(.text) for __aeabi_memcpy
    communication.o(i.handle_mavlink_message) refers to communication.o(i.mavlink_msg_param_value_send) for mavlink_msg_param_value_send
    communication.o(i.handle_mavlink_message) refers to settings.o(i.set_sensor_position_settings) for set_sensor_position_settings
    communication.o(i.handle_mavlink_message) refers to mt9v034.o(i.mt9v034_context_configuration) for mt9v034_context_configuration
    communication.o(i.handle_mavlink_message) refers to dcmi.o(i.dma_reconfigure) for dma_reconfigure
    communication.o(i.handle_mavlink_message) refers to main.o(i.buffer_reset) for buffer_reset
    communication.o(i.handle_mavlink_message) refers to mt9v034.o(i.mt9v034_set_context) for mt9v034_set_context
    communication.o(i.handle_mavlink_message) refers to debug.o(i.debug_string_message_buffer) for debug_string_message_buffer
    communication.o(i.handle_mavlink_message) refers to gyro.o(i.l3gd20_config) for l3gd20_config
    communication.o(i.handle_mavlink_message) refers to debug.o(i.debug_int_message_buffer) for debug_int_message_buffer
    communication.o(i.handle_mavlink_message) refers to main.o(i.get_boot_time_us) for get_boot_time_us
    communication.o(i.handle_mavlink_message) refers to communication.o(i._mav_finalize_message_chan_send) for _mav_finalize_message_chan_send
    communication.o(i.handle_mavlink_message) refers to communication.o(i.mavlink_msg_command_ack_send) for mavlink_msg_command_ack_send
    communication.o(i.handle_mavlink_message) refers to settings.o(.bss) for global_data
    communication.o(i.handle_mavlink_message) refers to communication.o(.data) for m_parameter_i
    communication.o(i.handle_mavlink_message) refers to reset.o(i.systemreset) for systemreset
[...]
    m_debug_buf_type                         0x20012f9c   Data          16  debug.o(.bss)
    m_debug_buf_pointer                      0x20012fac   Data          64  debug.o(.bss)
    m_debug_buf_int                          0x20012fec   Data          64  debug.o(.bss)
    m_debug_buf_float                        0x2001302c   Data          64  debug.o(.bss)
    .bss                                     0x2001306c   Section      100  i2c.o(.bss)
    .bss                                     0x200130d0   Section     1584  main.o(.bss)
    timer                                    0x200136c4   Data          36  main.o(.bss)
    .bss                                     0x20013700   Section      760  settings.o(.bss)
    .bss                                     0x200139f8   Section       12  sonar_mode_filter.o(.bss)
    sonar_values                             0x200139f8   Data          12  sonar_mode_filter.o(.bss)
    .bss                                     0x20013a04   Section     8192  usart.o(.bss)
    .bss                                     0x20015a04   Section      128  usbd_cdc_vcp.o(.bss)
    .bss                                     0x20015a84   Section       15  utils.o(.bss)
    outbuf                                   0x20015a84   Data          15  utils.o(.bss)
    .bss                                     0x20015a93   Section      255  usbd_req.o(.bss)
    .bss                                     0x20015b92   Section    32899  usbd_cdc_core.o(.bss)
    HEAP                                     0x2001dc18   Section      512  startup_stm32f429_439xx.o(HEAP)
    STACK                                    0x2001de18   Section     1024  startup_stm32f429_439xx.o(STACK)

    Global Symbols

    Symbol Name                              Value     Ov Type        Size  Object(Section)

    BuildAttributes$$THM_ISAv4$E$P$D$K$B$S$7EM$VFPi3$EXTD16$VFPS$VFMA$PE$A:L22UL41UL21$X:L11$S22US41US21$IEEE1$IW$USESV6$~STKCKD$USESV7$~SHL$OSPACE$EBA8$MICROLIB$REQ8$PRES8$EABIv2 0x00000000   Number         0  anon$$obj.o ABSOLUTE
    __ARM_use_no_argv                        0x00000000   Number         0  main.o ABSOLUTE
    __cpp_initialize__aeabi_                  - Undefined Weak Reference
    __cxa_finalize                            - Undefined Weak Reference
    _clock_init                               - Undefined Weak Reference
    _microlib_exit                            - Undefined Weak Reference
    __Vectors_Size                           0x000001ac   Number         0  startup_stm32f429_439xx.o ABSOLUTE
    __Vectors                                0x08000000   Data           4  startup_stm32f429_439xx.o(RESET)
    __Vectors_End                            0x080001ac   Data           0  startup_stm32f429_439xx.o(RESET)
    __main                                   0x080001ad   Thumb Code     0  entry.o(.ARM.Collect$$$$00000000)
    _main_stk                                0x080001ad   Thumb Code     0  entry2.o(.ARM.Collect$$$$00000001)
    _main_scatterload                        0x080001b1   Thumb Code     0  entry5.o(.ARM.Collect$$$$00000004)
    __main_after_scatterload                 0x080001b5   Thumb Code     0  entry5.o(.ARM.Collect$$$$00000004)
    _main_clock                              0x080001b5   Thumb Code     0  entry7b.o(.ARM.Collect$$$$00000008)
    _main_cpp_init                           0x080001b5   Thumb Code     0  entry8b.o(.ARM.Collect$$$$0000000A)
    _main_init                               0x080001b5   Thumb Code     0  entry9a.o(.ARM.Collect$$$$0000000B)
    __rt_final_cpp                           0x080001bd   Thumb Code     0  entry10a.o(.ARM.Collect$$$$0000000D)
    __rt_final_exit                          0x080001bd   Thumb Code     0  entry11a.o(.ARM.Collect$$$$0000000F)
    Reset_Handler                            0x080001c1   Thumb Code     8  startup_stm32f429_439xx.o(.text)
    ADC_IRQHandler                           0x080001db   Thumb Code     0  startup_stm32f429_439xx.o(.text)
    CAN1_RX0_IRQHandler                      0x080001db   Thumb Code     0  startup_stm32f429_439xx.o(.text)
    CAN1_RX1_IRQHandler                      0x080001db   Thumb Code     0  startup_stm32f429_439xx.o(.text)
    CAN1_SCE_IRQHandler                      0x080001db   Thumb Code     0  startup_stm32f429_439xx.o(.text)
    CAN1_TX_IRQHandler                       0x080001db   Thumb Code     0  startup_stm32f429_439xx.o(.text)
    CAN2_RX0_IRQHandler                      0x080001db   Thumb Code     0  startup_stm32f429_439xx.o(.text)
    CAN2_RX1_IRQHandler                      0x080001db   Thumb Code     0  startup_stm32f429_439xx.o(.text)
    CAN2_SCE_IRQHandler                      0x080001db   Thumb Code     0  startup_stm32f429_439xx.o(.text)
    CAN2_TX_IRQHandler                       0x080001db   Thumb Code     0  startup_stm32f429_439xx.o(.text)
    CRYP_IRQHandler                          0x080001db   Thumb Code     0  startup_stm32f429_439xx.o(.text)
    DMA1_Stream0_IRQHandler                  0x080001db   Thumb Code     0  startup_stm32f429_439xx.o(.text)
    DMA1_Stream1_IRQHandler                  0x080001db   Thumb Code     0  startup_stm32f429_439xx.o(.text)
    DMA1_Stream2_IRQHandler                  0x080001db   Thumb Code     0  startup_stm32f429_439xx.o(.text)
    DMA1_Stream3_IRQHandler                  0x080001db   Thumb Code     0  startup_stm32f429_439xx.o(.text)
    DMA1_Stream4_IRQHandler                  0x080001db   Thumb Code     0  startup_stm32f429_439xx.o(.text)
    DMA1_Stream5_IRQHandler                  0x080001db   Thumb Code     0  startup_stm32f429_439xx.o(.text)
    DMA1_Stream6_IRQHandler                  0x080001db   Thumb Code     0  startup_stm32f429_439xx.o(.text)
    DMA1_Stream7_IRQHandler                  0x080001db   Thumb Code     0  startup_stm32f429_439xx.o(.text)
    DMA2D_IRQHandler                         0x080001db   Thumb Code     0  startup_stm32f429_439xx.o(.text)
    DMA2_Stream0_IRQHandler                  0x080001db   Thumb Code     0  startup_stm32f429_439xx.o(.text)
    DMA2_Stream2_IRQHandler                  0x080001db   Thumb Code     0  startup_stm32f429_439xx.o(.text)
    DMA2_Stream3_IRQHandler                  0x080001db   Thumb Code     0  startup_stm32f429_439xx.o(.text)
    DMA2_Stream4_IRQHandler                  0x080001db   Thumb Code     0  startup_stm32f429_439xx.o(.text)
    DMA2_Stream5_IRQHandler                  0x080001db   Thumb Code     0  startup_stm32f429_439xx.o(.text)
    DMA2_Stream6_IRQHandler                  0x080001db   Thumb Code     0  startup_stm32f429_439xx.o(.text)
    DMA2_Stream7_IRQHandler                  0x080001db   Thumb Code     0  startup_stm32f429_439xx.o(.text)
    ETH_IRQHandler                           0x080001db   Thumb Code     0  startup_stm32f429_439xx.o(.text)
    ETH_WKUP_IRQHandler                      0x080001db   Thumb Code     0  startup_stm32f429_439xx.o(.text)
    EXTI0_IRQHandler                         0x080001db   Thumb Code     0  startup_stm32f429_439xx.o(.text)
    EXTI15_10_IRQHandler                     0x080001db   Thumb Code     0  startup_stm32f429_439xx.o(.text)
    EXTI1_IRQHandler                         0x080001db   Thumb Code     0  startup_stm32f429_439xx.o(.text)
    EXTI2_IRQHandler                         0x080001db   Thumb Code     0  startup_stm32f429_439xx.o(.text)
    EXTI3_IRQHandler                         0x080001db   Thumb Code     0  startup_stm32f429_439xx.o(.text)
    EXTI4_IRQHandler                         0x080001db   Thumb Code     0  startup_stm32f429_439xx.o(.text)
    EXTI9_5_IRQHandler                       0x080001db   Thumb Code     0  startup_stm32f429_439xx.o(.text)
    FLASH_IRQHandler                         0x080001db   Thumb Code     0  startup_stm32f429_439xx.o(.text)
    FMC_IRQHandler                           0x080001db   Thumb Code     0  startup_stm32f429_439xx.o(.text)
    FPU_IRQHandler                           0x080001db   Thumb Code     0  startup_stm32f429_439xx.o(.text)
    HASH_RNG_IRQHandler                      0x080001db   Thumb Code     0  startup_stm32f429_439xx.o(.text)
    I2C2_ER_IRQHandler                       0x080001db   Thumb Code     0  startup_stm32f429_439xx.o(.text)
    I2C2_EV_IRQHandler                       0x080001db   Thumb Code     0  startup_stm32f429_439xx.o(.text)
    I2C3_ER_IRQHandler                       0x080001db   Thumb Code     0  startup_stm32f429_439xx.o(.text)
    I2C3_EV_IRQHandler                       0x080001db   Thumb Code     0  startup_stm32f429_439xx.o(.text)
    LTDC_ER_IRQHandler                       0x080001db   Thumb Code     0  startup_stm32f429_439xx.o(.text)
    LTDC_IRQHandler                          0x080001db   Thumb Code     0  startup_stm32f429_439xx.o(.text)
    OTG_FS_WKUP_IRQHandler                   0x080001db   Thumb Code     0  startup_stm32f429_439xx.o(.text)
    OTG_HS_EP1_IN_IRQHandler                 0x080001db   Thumb Code     0  startup_stm32f429_439xx.o(.text)
    OTG_HS_EP1_OUT_IRQHandler                0x080001db   Thumb Code     0  startup_stm32f429_439xx.o(.text)
    OTG_HS_IRQHandler                        0x080001db   Thumb Code     0  startup_stm32f429_439xx.o(.text)
    OTG_HS_WKUP_IRQHandler                   0x080001db   Thumb Code     0  startup_stm32f429_439xx.o(.text)
    PVD_IRQHandler                           0x080001db   Thumb Code     0  startup_stm32f429_439xx.o(.text)
    RCC_IRQHandler                           0x080001db   Thumb Code     0  startup_stm32f429_439xx.o(.text)
    RTC_Alarm_IRQHandler                     0x080001db   Thumb Code     0  startup_stm32f429_439xx.o(.text)
    RTC_WKUP_IRQHandler                      0x080001db   Thumb Code     0  startup_stm32f429_439xx.o(.text)
    SAI1_IRQHandler                          0x080001db   Thumb Code     0  startup_stm32f429_439xx.o(.text)
    SDIO_IRQHandler                          0x080001db   Thumb Code     0  startup_stm32f429_439xx.o(.text)
    SPI1_IRQHandler                          0x080001db   Thumb Code     0  startup_stm32f429_439xx.o(.text)
    SPI2_IRQHandler                          0x080001db   Thumb Code     0  startup_stm32f429_439xx.o(.text)
    SPI3_IRQHandler                          0x080001db   Thumb Code     0  startup_stm32f429_439xx.o(.text)
    SPI4_IRQHandler                          0x080001db   Thumb Code     0  startup_stm32f429_439xx.o(.text)
    SPI5_IRQHandler                          0x080001db   Thumb Code     0  startup_stm32f429_439xx.o(.text)
    SPI6_IRQHandler                          0x080001db   Thumb Code     0  startup_stm32f429_439xx.o(.text)
    TAMP_STAMP_IRQHandler                    0x080001db   Thumb Code     0  startup_stm32f429_439xx.o(.text)
    TIM1_BRK_TIM9_IRQHandler                 0x080001db   Thumb Code     0  startup_stm32f429_439xx.o(.text)
    TIM1_CC_IRQHandler                       0x080001db   Thumb Code     0  startup_stm32f429_439xx.o(.text)
    TIM1_TRG_COM_TIM11_IRQHandler            0x080001db   Thumb Code     0  startup_stm32f429_439xx.o(.text)
    TIM1_UP_TIM10_IRQHandler                 0x080001db   Thumb Code     0  startup_stm32f429_439xx.o(.text)
    TIM2_IRQHandler                          0x080001db   Thumb Code     0  startup_stm32f429_439xx.o(.text)
    TIM3_IRQHandler                          0x080001db   Thumb Code     0  startup_stm32f429_439xx.o(.text)
    TIM4_IRQHandler                          0x080001db   Thumb Code     0  startup_stm32f429_439xx.o(.text)
    TIM5_IRQHandler                          0x080001db   Thumb Code     0  startup_stm32f429_439xx.o(.text)
    TIM6_DAC_IRQHandler                      0x080001db   Thumb Code     0  startup_stm32f429_439xx.o(.text)
    TIM7_IRQHandler                          0x080001db   Thumb Code     0  startup_stm32f429_439xx.o(.text)
    TIM8_BRK_TIM12_IRQHandler                0x080001db   Thumb Code     0  startup_stm32f429_439xx.o(.text)
    TIM8_CC_IRQHandler                       0x080001db   Thumb Code     0  startup_stm32f429_439xx.o(.text)
    TIM8_TRG_COM_TIM14_IRQHandler            0x080001db   Thumb Code     0  startup_stm32f429_439xx.o(.text)
    TIM8_UP_TIM13_IRQHandler                 0x080001db   Thumb Code     0  startup_stm32f429_439xx.o(.text)
    UART5_IRQHandler                         0x080001db   Thumb Code     0  startup_stm32f429_439xx.o(.text)
    UART7_IRQHandler                         0x080001db   Thumb Code     0  startup_stm32f429_439xx.o(.text)
    UART8_IRQHandler                         0x080001db   Thumb Code     0  startup_stm32f429_439xx.o(.text)
    USART1_IRQHandler                        0x080001db   Thumb Code     0  startup_stm32f429_439xx.o(.text)
    USART6_IRQHandler                        0x080001db   Thumb Code     0  startup_stm32f429_439xx.o(.text)
    WWDG_IRQHandler                          0x080001db   Thumb Code     0  startup_stm32f429_439xx.o(.text)
    __aeabi_memcpy                           0x080001e5   Thumb Code    36  memcpya.o(.text)
    __aeabi_memcpy4                          0x080001e5   Thumb Code     0  memcpya.o(.text)
    __aeabi_memcpy8                          0x080001e5   Thumb Code     0  memcpya.o(.text)
    __aeabi_memset                           0x08000209   Thumb Code    14  memseta.o(.text)
    __aeabi_memset4                          0x08000209   Thumb Code     0  memseta.o(.text)
    __aeabi_memset8                          0x08000209   Thumb Code     0  memseta.o(.text)
    __aeabi_memclr                           0x08000217   Thumb Code     4  memseta.o(.text)
    __aeabi_memclr4                          0x08000217   Thumb Code     0  memseta.o(.text)
    __aeabi_memclr8                          0x08000217   Thumb Code     0  memseta.o(.text)
    _memset$wrapper                          0x0800021b   Thumb Code    18  memseta.o(.text)
    strncpy                                  0x0800022d   Thumb Code    24  strncpy.o(.text)
    strlen                                   0x08000245   Thumb Code    14  strlen.o(.text)
    strncat                                  0x08000253   Thumb Code    40  strncat.o(.text)
    strcpy                                   0x0800027b   Thumb Code    18  strcpy.o(.text)
    atoi                                     0x0800028d   Thumb Code    26  atoi.o(.text)
    strtol                                   0x080002a7   Thumb Code   112  strtol.o(.text)
    __scatterload                            0x08000319   Thumb Code    28  init.o(.text)
    __scatterload_rt2                        0x08000319   Thumb Code     0  init.o(.text)
    __rt_ctype_table                         0x0800033d   Thumb Code     4  ctype_o.o(.text)
    _strtoul                                 0x08000345   Thumb Code   158  _strtoul.o(.text)
    _chval                                   0x080003e3   Thumb Code    28  _chval.o(.text)
    __decompress                             0x080003ff   Thumb Code     0  __dczerorl2.o(.text)
    __decompress1                            0x080003ff   Thumb Code    86  __dczerorl2.o(.text)
    BusFault_Handler                         0x08000455   Thumb Code     4  stm32f4xx_it.o(i.BusFault_Handler)
    DCD_EP_Close                             0x08000459   Thumb Code    74  usb_dcd.o(i.DCD_EP_Close)
    DCD_EP_ClrStall                          0x080004a3   Thumb Code    72  usb_dcd.o(i.DCD_EP_ClrStall)
    DCD_EP_Open                              0x080004eb   Thumb Code   104  usb_dcd.o(i.DCD_EP_Open)
    DCD_EP_PrepareRx                         0x08000553   Thumb Code    82  usb_dcd.o(i.DCD_EP_PrepareRx)
    DCD_EP_SetAddress                        0x080005a5   Thumb Code    28  usb_dcd.o(i.DCD_EP_SetAddress)
    DCD_EP_Stall                             0x080005c1   Thumb Code    72  usb_dcd.o(i.DCD_EP_Stall)
    DCD_EP_Tx                                0x08000609   Thumb Code    78  usb_dcd.o(i.DCD_EP_Tx)
    DCD_Init                                 0x08000bf1   Thumb Code   156  usb_dcd.o(i.DCD_Init)
    DCMI_CaptureCmd                          0x08000e15   Thumb Code    30  stm32f4xx_dcmi.o(i.DCMI_CaptureCmd)
    DCMI_ClearITPendingBit                   0x08000e39   Thumb Code     6  stm32f4xx_dcmi.o(i.DCMI_ClearITPendingBit)
    DCMI_Cmd                                 0x08000e45   Thumb Code    30  stm32f4xx_dcmi.o(i.DCMI_Cmd)
    DCMI_GetITStatus                         0x08000e69   Thumb Code    24  stm32f4xx_dcmi.o(i.DCMI_GetITStatus)
    DCMI_IRQHandler                          0x08000e85   Thumb Code    18  dcmi.o(i.DCMI_IRQHandler)
    DCMI_Init                                0x08000e99   Thumb Code    60  stm32f4xx_dcmi.o(i.DCMI_Init)
    DMA2_Stream1_IRQHandler                  0x08000ed9   Thumb Code   120  dcmi.o(i.DMA2_Stream1_IRQHandler)
    DMA_ClearITPendingBit                    0x08000f81   Thumb Code    38  stm32f4xx_dma.o(i.DMA_ClearITPendingBit)
    DMA_Cmd                                  0x08000fb5   Thumb Code    22  stm32f4xx_dma.o(i.DMA_Cmd)
    DMA_DeInit                               0x08000fcd   Thumb Code   324  stm32f4xx_dma.o(i.DMA_DeInit)
    DMA_DoubleBufferModeCmd                  0x08001125   Thumb Code    22  stm32f4xx_dma.o(i.DMA_DoubleBufferModeCmd)
    DMA_DoubleBufferModeConfig               0x0800113b   Thumb Code    24  stm32f4xx_dma.o(i.DMA_DoubleBufferModeConfig)
    DMA_GetCurrentMemoryTarget               0x08001153   Thumb Code    20  stm32f4xx_dma.o(i.DMA_GetCurrentMemoryTarget)
    DMA_GetITStatus                          0x08001169   Thumb Code    82  stm32f4xx_dma.o(i.DMA_GetITStatus)
    DMA_ITConfig                             0x080011cd   Thumb Code    58  stm32f4xx_dma.o(i.DMA_ITConfig)
    DMA_Init                                 0x08001209   Thumb Code    82  stm32f4xx_dma.o(i.DMA_Init)
    DMA_MemoryTargetConfig                   0x08001261   Thumb Code    10  stm32f4xx_dma.o(i.DMA_MemoryTargetConfig)
    DebugMon_Handler                         0x0800126b   Thumb Code     2  stm32f4xx_it.o(i.DebugMon_Handler)
    GPIO_Init                                0x0800126d   Thumb Code   144  stm32f4xx_gpio.o(i.GPIO_Init)
    GPIO_PinAFConfig                         0x080012fd   Thumb Code    70  stm32f4xx_gpio.o(i.GPIO_PinAFConfig)
    GPIO_ReadInputData                       0x08001343   Thumb Code     8  stm32f4xx_gpio.o(i.GPIO_ReadInputData)
    GPIO_ResetBits                           0x0800134b   Thumb Code     4  stm32f4xx_gpio.o(i.GPIO_ResetBits)
    GPIO_SetBits                             0x0800134f   Thumb Code     4  stm32f4xx_gpio.o(i.GPIO_SetBits)
    GPIO_ToggleBits                          0x08001353   Thumb Code     8  stm32f4xx_gpio.o(i.GPIO_ToggleBits)
    HardFault_Handler                        0x08001429   Thumb Code     4  stm32f4xx_it.o(i.HardFault_Handler)
    I2C1_ER_IRQHandler                       0x0800142d   Thumb Code    32  i2c.o(i.I2C1_ER_IRQHandler)
    I2C1_EV_IRQHandler                       0x08001451   Thumb Code   336  i2c.o(i.I2C1_EV_IRQHandler)
    I2C_AcknowledgeConfig                    0x080015d5   Thumb Code    24  stm32f4xx_i2c.o(i.I2C_AcknowledgeConfig)
    I2C_CheckEvent                           0x080015ed   Thumb Code    42  stm32f4xx_i2c.o(i.I2C_CheckEvent)
    I2C_CleanADDRandSTOPF                    0x08001619   Thumb Code    72  i2c.o(i.I2C_CleanADDRandSTOPF)
    I2C_Cmd                                  0x08001665   Thumb Code    24  stm32f4xx_i2c.o(i.I2C_Cmd)
    I2C_DeInit                               0x0800167d   Thumb Code    82  stm32f4xx_i2c.o(i.I2C_DeInit)
    I2C_GenerateSTART                        0x080016dd   Thumb Code    24  stm32f4xx_i2c.o(i.I2C_GenerateSTART)
    I2C_GenerateSTOP                         0x080016f5   Thumb Code    24  stm32f4xx_i2c.o(i.I2C_GenerateSTOP)
    I2C_GetLastEvent                         0x0800170d   Thumb Code    26  stm32f4xx_i2c.o(i.I2C_GetLastEvent)
    I2C_ITConfig                             0x08001727   Thumb Code    18  stm32f4xx_i2c.o(i.I2C_ITConfig)
    I2C_Init                                 0x08001739   Thumb Code   218  stm32f4xx_i2c.o(i.I2C_Init)
    I2C_ReadRegister                         0x08001821   Thumb Code    22  stm32f4xx_i2c.o(i.I2C_ReadRegister)
    I2C_ReceiveData                          0x08001837   Thumb Code     8  stm32f4xx_i2c.o(i.I2C_ReceiveData)
    I2C_Send7bitAddress                      0x0800183f   Thumb Code    16  stm32f4xx_i2c.o(i.I2C_Send7bitAddress)
    I2C_SendData                             0x0800184f   Thumb Code     4  stm32f4xx_i2c.o(i.I2C_SendData)
    I2C_SoftwareResetCmd                     0x08001853   Thumb Code    22  stm32f4xx_i2c.o(i.I2C_SoftwareResetCmd)
    I2C_StretchClockCmd                      0x08001869   Thumb Code    24  stm32f4xx_i2c.o(i.I2C_StretchClockCmd)
    LEDInit                                  0x08001881   Thumb Code    62  led.o(i.LEDInit)
    LEDOff                                   0x080018cd   Thumb Code    22  led.o(i.LEDOff)
    LEDOn                                    0x080018ed   Thumb Code    22  led.o(i.LEDOn)
    LEDToggle                                0x0800190d   Thumb Code    22  led.o(i.LEDToggle)
    MemManage_Handler                        0x0800192d   Thumb Code     4  stm32f4xx_it.o(i.MemManage_Handler)
    NMI_Handler                              0x08001931   Thumb Code     2  stm32f4xx_it.o(i.NMI_Handler)
    NVIC_Init                                0x08001935   Thumb Code   106  misc.o(i.NVIC_Init)
    NVIC_PriorityGroupConfig                 0x080019ad   Thumb Code    10  misc.o(i.NVIC_PriorityGroupConfig)
    OTG_FS_IRQHandler                        0x080019c1   Thumb Code    10  stm32f4xx_it.o(i.OTG_FS_IRQHandler)
    PendSV_Handler                           0x080019d1   Thumb Code     2  stm32f4xx_it.o(i.PendSV_Handler)
    RCC_AHB1PeriphClockCmd                   0x080019d5   Thumb Code    26  stm32f4xx_rcc.o(i.RCC_AHB1PeriphClockCmd)
    RCC_AHB2PeriphClockCmd                   0x080019f5   Thumb Code    26  stm32f4xx_rcc.o(i.RCC_AHB2PeriphClockCmd)
    RCC_APB1PeriphClockCmd                   0x08001a15   Thumb Code    26  stm32f4xx_rcc.o(i.RCC_APB1PeriphClockCmd)
    RCC_APB1PeriphResetCmd                   0x08001a35   Thumb Code    26  stm32f4xx_rcc.o(i.RCC_APB1PeriphResetCmd)
    RCC_APB2PeriphClockCmd                   0x08001a55   Thumb Code    26  stm32f4xx_rcc.o(i.RCC_APB2PeriphClockCmd)
    RCC_GetClocksFreq                        0x08001a75   Thumb Code   214  stm32f4xx_rcc.o(i.RCC_GetClocksFreq)
    SPI_Cmd                                  0x08001b5d   Thumb Code    24  stm32f4xx_spi.o(i.SPI_Cmd)
    SPI_I2S_GetFlagStatus                    0x08001b75   Thumb Code    18  stm32f4xx_spi.o(i.SPI_I2S_GetFlagStatus)
    SPI_I2S_ReceiveData                      0x08001b87   Thumb Code     6  stm32f4xx_spi.o(i.SPI_I2S_ReceiveData)
    SPI_I2S_SendData                         0x08001b8d   Thumb Code     4  stm32f4xx_spi.o(i.SPI_I2S_SendData)
    SPI_Init                                 0x08001b91   Thumb Code    60  stm32f4xx_spi.o(i.SPI_Init)
    SVC_Handler                              0x08001bcd   Thumb Code     2  stm32f4xx_it.o(i.SVC_Handler)
    SysTick_Handler                          0x08001cbd   Thumb Code     8  stm32f4xx_it.o(i.SysTick_Handler)
    SystemInit                               0x08001cc5   Thumb Code    88  system_stm32f4xx.o(i.SystemInit)
    TIM_ARRPreloadConfig                     0x08001d2d   Thumb Code    24  stm32f4xx_tim.o(i.TIM_ARRPreloadConfig)
    TIM_Cmd                                  0x08001d45   Thumb Code    24  stm32f4xx_tim.o(i.TIM_Cmd)
    TIM_OC3Init                              0x08001d5d   Thumb Code   150  stm32f4xx_tim.o(i.TIM_OC3Init)
    TIM_OC3PreloadConfig                     0x08001dfd   Thumb Code    18  stm32f4xx_tim.o(i.TIM_OC3PreloadConfig)
    TIM_TimeBaseInit                         0x08001e11   Thumb Code   104  stm32f4xx_tim.o(i.TIM_TimeBaseInit)
    UART4_IRQHandler                         0x08001e95   Thumb Code   320  sonar.o(i.UART4_IRQHandler)
    USART2_IRQHandler                        0x0800201d   Thumb Code    70  usart.o(i.USART2_IRQHandler)
    USART3_IRQHandler                        0x08002069   Thumb Code    70  usart.o(i.USART3_IRQHandler)
    USART_Cmd                                0x080020b5   Thumb Code    24  stm32f4xx_usart.o(i.USART_Cmd)
    USART_GetITStatus                        0x080020cd   Thumb Code    84  stm32f4xx_usart.o(i.USART_GetITStatus)
    USART_ITConfig                           0x08002121   Thumb Code    74  stm32f4xx_usart.o(i.USART_ITConfig)
    USART_Init                               0x0800216d   Thumb Code   204  stm32f4xx_usart.o(i.USART_Init)
    USART_ReceiveData                        0x08002241   Thumb Code    10  stm32f4xx_usart.o(i.USART_ReceiveData)
    USART_SendData                           0x0800224b   Thumb Code     8  stm32f4xx_usart.o(i.USART_SendData)
    USBD_ClrCfg                              0x08002253   Thumb Code    22  usbd_core.o(i.USBD_ClrCfg)
    USBD_CtlContinueRx                       0x080022b1   Thumb Code    30  usbd_ioreq.o(i.USBD_CtlContinueRx)
    USBD_CtlContinueSendData                 0x080022cf   Thumb Code    30  usbd_ioreq.o(i.USBD_CtlContinueSendData)
    USBD_CtlError                            0x080022ed   Thumb Code    30  usbd_req.o(i.USBD_CtlError)
    USBD_CtlPrepareRx                        0x0800230b   Thumb Code    46  usbd_ioreq.o(i.USBD_CtlPrepareRx)
    USBD_CtlReceiveStatus                    0x08002339   Thumb Code    36  usbd_ioreq.o(i.USBD_CtlReceiveStatus)
    USBD_CtlSendData                         0x0800235d   Thumb Code    46  usbd_ioreq.o(i.USBD_CtlSendData)
    USBD_CtlSendStatus                       0x0800238b   Thumb Code    36  usbd_ioreq.o(i.USBD_CtlSendStatus)
    USBD_DeInit                              0x08002515   Thumb Code     6  usbd_core.o(i.USBD_DeInit)
    USBD_GetString                           0x08002735   Thumb Code    82  usbd_req.o(i.USBD_GetString)
    USBD_Init                                0x08002787   Thumb Code    66  usbd_core.o(i.USBD_Init)
    USBD_OTG_ISR_Handler                     0x080027ed   Thumb Code   256  usb_dcd_int.o(i.USBD_OTG_ISR_Handler)
    USBD_ParseSetupRequest                   0x080028ed   Thumb Code    72  usbd_req.o(i.USBD_ParseSetupRequest)
    USBD_SetCfg                              0x08002a0f   Thumb Code    30  usbd_core.o(i.USBD_SetCfg)
    USBD_StdDevReq                           0x08002bf5   Thumb Code   114  usbd_req.o(i.USBD_StdDevReq)
    USBD_StdEPReq                            0x08002c69   Thumb Code   344  usbd_req.o(i.USBD_StdEPReq)
    USBD_StdItfReq                           0x08002dc5   Thumb Code    76  usbd_req.o(i.USBD_StdItfReq)
    USBD_USR_ConfigStrDescriptor             0x08002e31   Thumb Code    34  usbd_desc.o(i.USBD_USR_ConfigStrDescriptor)
    USBD_USR_DeviceConfigured                0x08002e65   Thumb Code     2  usbd_usr.o(i.USBD_USR_DeviceConfigured)
    USBD_USR_DeviceConnected                 0x08002e67   Thumb Code     2  usbd_usr.o(i.USBD_USR_DeviceConnected)
    USBD_USR_DeviceDescriptor                0x08002e69   Thumb Code    10  usbd_desc.o(i.USBD_USR_DeviceDescriptor)
    USBD_USR_DeviceDisconnected              0x08002e79   Thumb Code     2  usbd_usr.o(i.USBD_USR_DeviceDisconnected)
    USBD_USR_DeviceReset                     0x08002e7b   Thumb Code     2  usbd_usr.o(i.USBD_USR_DeviceReset)
    USBD_USR_DeviceResumed                   0x08002e7d   Thumb Code     2  usbd_usr.o(i.USBD_USR_DeviceResumed)
    USBD_USR_DeviceSuspended                 0x08002e7f   Thumb Code     2  usbd_usr.o(i.USBD_USR_DeviceSuspended)
    USBD_USR_Init                            0x08002e81   Thumb Code     2  usbd_usr.o(i.USBD_USR_Init)
    USBD_USR_InterfaceStrDescriptor          0x08002e85   Thumb Code    34  usbd_desc.o(i.USBD_USR_InterfaceStrDescriptor)
    USBD_USR_LangIDStrDescriptor             0x08002ebd   Thumb Code    10  usbd_desc.o(i.USBD_USR_LangIDStrDescriptor)
    USBD_USR_ManufacturerStrDescriptor       0x08002ecd   Thumb Code    20  usbd_desc.o(i.USBD_USR_ManufacturerStrDescriptor)
    USBD_USR_ProductStrDescriptor            0x08002ef1   Thumb Code    34  usbd_desc.o(i.USBD_USR_ProductStrDescriptor)
    USBD_USR_SerialStrDescriptor             0x08002f29   Thumb Code    34  usbd_desc.o(i.USBD_USR_SerialStrDescriptor)
    USB_OTG_BSP_EnableInterrupt              0x08002f71   Thumb Code    44  usb_bsp.o(i.USB_OTG_BSP_EnableInterrupt)
    USB_OTG_BSP_Init                         0x08002f9d   Thumb Code   146  usb_bsp.o(i.USB_OTG_BSP_Init)
    USB_OTG_BSP_mDelay                       0x08003035   Thumb Code    18  usb_bsp.o(i.USB_OTG_BSP_mDelay)
    USB_OTG_BSP_uDelay                       0x08003047   Thumb Code    30  usb_bsp.o(i.USB_OTG_BSP_uDelay)
    USB_OTG_CoreInit                         0x08003065   Thumb Code   282  usb_core.o(i.USB_OTG_CoreInit)
    USB_OTG_CoreInitDev                      0x0800317f   Thumb Code   526  usb_core.o(i.USB_OTG_CoreInitDev)
    USB_OTG_DisableGlobalInt                 0x080033fd   Thumb Code    34  usb_core.o(i.USB_OTG_DisableGlobalInt)
    USB_OTG_EP0Activate                      0x0800341f   Thumb Code   106  usb_core.o(i.USB_OTG_EP0Activate)
    USB_OTG_EP0StartXfer                     0x08003489   Thumb Code   342  usb_core.o(i.USB_OTG_EP0StartXfer)
    USB_OTG_EP0_OutStart                     0x080035df   Thumb Code    98  usb_core.o(i.USB_OTG_EP0_OutStart)
    USB_OTG_EPActivate                       0x08003641   Thumb Code   152  usb_core.o(i.USB_OTG_EPActivate)
    USB_OTG_EPClearStall                     0x080036d9   Thumb Code    80  usb_core.o(i.USB_OTG_EPClearStall)
    USB_OTG_EPDeactivate                     0x08003729   Thumb Code    94  usb_core.o(i.USB_OTG_EPDeactivate)
    USB_OTG_EPSetStall                       0x08003787   Thumb Code   100  usb_core.o(i.USB_OTG_EPSetStall)
    USB_OTG_EPStartXfer                      0x080037eb   Thumb Code   502  usb_core.o(i.USB_OTG_EPStartXfer)
    USB_OTG_EnableDevInt                     0x08003a15   Thumb Code   176  usb_core.o(i.USB_OTG_EnableDevInt)
    USB_OTG_EnableGlobalInt                  0x08003ac5   Thumb Code    34  usb_core.o(i.USB_OTG_EnableGlobalInt)
    USB_OTG_FlushRxFifo                      0x08003ae9   Thumb Code    70  usb_core.o(i.USB_OTG_FlushRxFifo)
    USB_OTG_FlushTxFifo                      0x08003b35   Thumb Code    80  usb_core.o(i.USB_OTG_FlushTxFifo)
    USB_OTG_GetDeviceSpeed                   0x08003b89   Thumb Code    52  usb_core.o(i.USB_OTG_GetDeviceSpeed)
    USB_OTG_GetMode                          0x08003bbd   Thumb Code    12  usb_core.o(i.USB_OTG_GetMode)
    USB_OTG_InitDevSpeed                     0x08003bc9   Thumb Code    24  usb_core.o(i.USB_OTG_InitDevSpeed)
    USB_OTG_IsDeviceMode                     0x08003be1   Thumb Code    22  usb_core.o(i.USB_OTG_IsDeviceMode)
    USB_OTG_ReadCoreItr                      0x08003bf7   Thumb Code    16  usb_core.o(i.USB_OTG_ReadCoreItr)
    USB_OTG_ReadDevAllInEPItr                0x08003c07   Thumb Code    16  usb_core.o(i.USB_OTG_ReadDevAllInEPItr)
    USB_OTG_ReadDevAllOutEp_itr              0x08003c17   Thumb Code    16  usb_core.o(i.USB_OTG_ReadDevAllOutEp_itr)
    USB_OTG_ReadDevOutEP_itr                 0x08003c27   Thumb Code    20  usb_core.o(i.USB_OTG_ReadDevOutEP_itr)
    USB_OTG_ReadPacket                       0x08003c3b   Thumb Code    40  usb_core.o(i.USB_OTG_ReadPacket)
    USB_OTG_SelectCore                       0x08003c65   Thumb Code   204  usb_core.o(i.USB_OTG_SelectCore)
    USB_OTG_SetCurrentMode                   0x08003d35   Thumb Code    78  usb_core.o(i.USB_OTG_SetCurrentMode)
    USB_OTG_WritePacket                      0x08003d83   Thumb Code    64  usb_core.o(i.USB_OTG_WritePacket)
    UsageFault_Handler                       0x08003dc3   Thumb Code     4  stm32f4xx_it.o(i.UsageFault_Handler)
    VCP_get_char                             0x08003ed9   Thumb Code    54  usbd_cdc_vcp.o(i.VCP_get_char)
    VCP_put_char                             0x08003f1d   Thumb Code    12  usbd_cdc_vcp.o(i.VCP_put_char)
    __aeabi_errno_addr                       0x08003f29   Thumb Code     4  errno.o(i.__aeabi_errno_addr)
    __rt_errno_addr                          0x08003f29   Thumb Code     0  errno.o(i.__aeabi_errno_addr)
    __scatterload_copy                       0x08003f31   Thumb Code    14  handlers.o(i.__scatterload_copy)
    __scatterload_null                       0x08003f3f   Thumb Code     2  handlers.o(i.__scatterload_null)
    __scatterload_zeroinit                   0x08003f41   Thumb Code    14  handlers.o(i.__scatterload_zeroinit)
    buffer_reset                             0x08004301   Thumb Code     8  main.o(i.buffer_reset)
    communication_init                       0x0800430d   Thumb Code    36  communication.o(i.communication_init)
    communication_parameter_send             0x08004339   Thumb Code   122  communication.o(i.communication_parameter_send)
    communication_receive                    0x080043bd   Thumb Code    56  communication.o(i.communication_receive)
    communication_receive_forward            0x080043f5   Thumb Code    56  communication.o(i.communication_receive_forward)
    communication_receive_usb                0x0800442d   Thumb Code    52  communication.o(i.communication_receive_usb)
    communication_system_state_send          0x08004461   Thumb Code    96  communication.o(i.communication_system_state_send)
    compute_flow                             0x08004671   Thumb Code  2146  flow.o(i.compute_flow)
    dcmi_clock_init                          0x080055b9   Thumb Code   152  dcmi.o(i.dcmi_clock_init)
    dcmi_dma_disable                         0x08005659   Thumb Code    24  dcmi.o(i.dcmi_dma_disable)
    dcmi_dma_enable                          0x08005675   Thumb Code    28  dcmi.o(i.dcmi_dma_enable)
    dcmi_dma_init                            0x08005695   Thumb Code   168  dcmi.o(i.dcmi_dma_init)
    dcmi_hw_init                             0x0800574d   Thumb Code   442  dcmi.o(i.dcmi_hw_init)
    dcmi_restart_calibration_routine         0x08005931   Thumb Code    24  dcmi.o(i.dcmi_restart_calibration_routine)
    debug_int_message_buffer                 0x0800594d   Thumb Code    40  debug.o(i.debug_int_message_buffer)
    debug_message_send_one                   0x080059ed   Thumb Code   304  debug.o(i.debug_message_send_one)
    debug_string_message_buffer              0x08005b41   Thumb Code    30  debug.o(i.debug_string_message_buffer)
    delay                                    0x08005b69   Thumb Code    16  main.o(i.delay)
    dma_copy_image_buffers                   0x08005b7d   Thumb Code   118  dcmi.o(i.dma_copy_image_buffers)
    dma_it_init                              0x08005c11   Thumb Code    54  dcmi.o(i.dma_it_init)
    dma_reconfigure                          0x08005c4d   Thumb Code    66  dcmi.o(i.dma_reconfigure)
    dma_swap_buffers                         0x08005c95   Thumb Code   212  dcmi.o(i.dma_swap_buffers)
    enable_image_capture                     0x08005d95   Thumb Code    48  dcmi.o(i.enable_image_capture)
    free                                     0x08005dc9   Thumb Code    76  malloc.o(i.free)
    ftoa                                     0x08005e19   Thumb Code   294  utils.o(i.ftoa)
    getGyroRange                             0x08005f45   Thumb Code     6  gyro.o(i.getGyroRange)
    getGyroScalingFactor                     0x08005f51   Thumb Code    24  gyro.o(i.getGyroScalingFactor)
    get_boot_time_us                         0x08005f71   Thumb Code    12  main.o(i.get_boot_time_us)
    get_frame_counter                        0x08005f81   Thumb Code     6  dcmi.o(i.get_frame_counter)
    get_sonar_measure_time                   0x08005f8d   Thumb Code     6  sonar.o(i.get_sonar_measure_time)
    get_time_between_images                  0x08005f99   Thumb Code     6  dcmi.o(i.get_time_between_images)
    global_data_reset                        0x08005fa5   Thumb Code     2  settings.o(i.global_data_reset)
    global_data_reset_param_defaults         0x08005fa9   Thumb Code   982  settings.o(i.global_data_reset_param_defaults)
    gyro_config                              0x080065e9   Thumb Code    12  gyro.o(i.gyro_config)
    gyro_read                                0x080065f5   Thumb Code   346  gyro.o(i.gyro_read)
    handle_mavlink_message                   0x08006769   Thumb Code  1224  communication.o(i.handle_mavlink_message)
    i2c_get_ownaddress1                      0x08006c31   Thumb Code    14  i2c.o(i.i2c_get_ownaddress1)
    i2c_init                                 0x08006c41   Thumb Code   290  i2c.o(i.i2c_init)
    insert_sonar_value_and_get_mode_value    0x08006d75   Thumb Code    84  sonar_mode_filter.o(i.insert_sonar_value_and_get_mode_value)
    l3gd20_SendHalfWord                      0x08006dd1   Thumb Code    68  gyro.o(i.l3gd20_SendHalfWord)
    l3gd20_config                            0x08006e1d   Thumb Code   188  gyro.o(i.l3gd20_config)
    ltoa                                     0x08006f01   Thumb Code    96  utils.o(i.ltoa)
    main                                     0x08006f6d   Thumb Code  3554  main.o(i.main)
    malloc                                   0x08007d59   Thumb Code    92  malloc.o(i.malloc)
    mavlink_get_channel_buffer               0x08007de5   Thumb Code    14  communication.o(i.mavlink_get_channel_buffer)
    mavlink_get_channel_status               0x08007df9   Thumb Code    14  communication.o(i.mavlink_get_channel_status)
    mavlink_send_uart_bytes                  0x08008209   Thumb Code    56  communication.o(i.mavlink_send_uart_bytes)
    modifyreg32                              0x0800825d   Thumb Code    14  reset.o(i.modifyreg32)
    mt9v034_ReadReg                          0x0800826d   Thumb Code   282  mt9v034.o(i.mt9v034_ReadReg)
    mt9v034_ReadReg16                        0x08008395   Thumb Code    24  mt9v034.o(i.mt9v034_ReadReg16)
    mt9v034_WriteReg                         0x080083ad   Thumb Code   178  mt9v034.o(i.mt9v034_WriteReg)
    mt9v034_WriteReg16                       0x0800846d   Thumb Code    30  mt9v034.o(i.mt9v034_WriteReg16)
    mt9v034_context_configuration            0x0800848d   Thumb Code   746  mt9v034.o(i.mt9v034_context_configuration)
    mt9v034_set_context                      0x0800877d   Thumb Code    38  mt9v034.o(i.mt9v034_set_context)
    readI2CAddressOffset                     0x080087a9   Thumb Code    78  i2c.o(i.readI2CAddressOffset)
    reset_frame_counter                      0x08008801   Thumb Code     8  dcmi.o(i.reset_frame_counter)
    send_calibration_image                   0x0800880d   Thumb Code   604  dcmi.o(i.send_calibration_image)
    set_sensor_position_settings             0x08008a89   Thumb Code    50  settings.o(i.set_sensor_position_settings)
    sonar_config                             0x08008b55   Thumb Code   206  sonar.o(i.sonar_config)
    sonar_filter                             0x08008c35   Thumb Code   146  sonar.o(i.sonar_filter)
    sonar_read                               0x08008ced   Thumb Code   122  sonar.o(i.sonar_read)
    sonar_trigger                            0x08008d85   Thumb Code    14  sonar.o(i.sonar_trigger)
    spi_config                               0x08008d99   Thumb Code   236  gyro.o(i.spi_config)
    stm32_pwr_enablebkp                      0x08008e8d   Thumb Code    16  reset.o(i.stm32_pwr_enablebkp)
    systemreset                              0x08008ea1   Thumb Code    18  reset.o(i.systemreset)
    timer_update                             0x08008ebd   Thumb Code    40  main.o(i.timer_update)
    timer_update_ms                          0x08008eed   Thumb Code   188  main.o(i.timer_update_ms)
    up_systemreset                           0x08008fc9   Thumb Code    24  reset.o(i.up_systemreset)
    update_TX_buffer                         0x08008fe9   Thumb Code   936  i2c.o(i.update_TX_buffer)
    usart2_char_available                    0x080093f1   Thumb Code    20  usart.o(i.usart2_char_available)
    usart2_rx_ringbuffer_pop                 0x0800940d   Thumb Code    60  usart.o(i.usart2_rx_ringbuffer_pop)
    usart2_rx_ringbuffer_push_from_usart     0x08009455   Thumb Code    54  usart.o(i.usart2_rx_ringbuffer_push_from_usart)
    usart2_tx_ringbuffer_pop_to_usart        0x0800949d   Thumb Code    58  usart.o(i.usart2_tx_ringbuffer_pop_to_usart)
    usart2_tx_ringbuffer_push                0x080094e9   Thumb Code   124  usart.o(i.usart2_tx_ringbuffer_push)
    usart3_char_available                    0x08009575   Thumb Code    20  usart.o(i.usart3_char_available)
    usart3_rx_ringbuffer_pop                 0x08009591   Thumb Code    60  usart.o(i.usart3_rx_ringbuffer_pop)
    usart3_rx_ringbuffer_push_from_usart     0x080095d9   Thumb Code    54  usart.o(i.usart3_rx_ringbuffer_push_from_usart)
    usart3_tx_ringbuffer_pop_to_usart        0x08009621   Thumb Code    58  usart.o(i.usart3_tx_ringbuffer_pop_to_usart)
    usart3_tx_ringbuffer_push                0x0800966d   Thumb Code   124  usart.o(i.usart3_tx_ringbuffer_push)
    usart_init                               0x080096f9   Thumb Code   320  usart.o(i.usart_init)
    LED_GPIO_PINS                            0x08009bdc   Data           6  led.o(.constdata)
    LED_GPIO_CLKS                            0x08009be4   Data          12  led.o(.constdata)
    __ctype_table                            0x08009bf0   Data         129  ctype_o.o(.constdata)
    Region$$Table$$Base                      0x08009c78   Number         0  anon$$obj.o(Region$$Table)
    Region$$Table$$Limit                     0x08009c98   Number         0  anon$$obj.o(Region$$Table)
    image_counter                            0x20000004   Data           1  dcmi.o(.data)
    frame_counter                            0x20000008   Data           4  dcmi.o(.data)
    time_last_frame                          0x2000000c   Data           4  dcmi.o(.data)
    cycle_time                               0x20000010   Data           4  dcmi.o(.data)
    time_between_next_images                 0x20000014   Data           4  dcmi.o(.data)
    dcmi_calibration_counter                 0x20000018   Data           1  dcmi.o(.data)
    dcmi_image_buffer_memory0                0x20000019   Data           1  dcmi.o(.data)
    dcmi_image_buffer_memory1                0x2000001a   Data           1  dcmi.o(.data)
    dcmi_image_buffer_unused                 0x2000001b   Data           1  dcmi.o(.data)
    calibration_used                         0x2000001c   Data           1  dcmi.o(.data)
    calibration_unused                       0x2000001d   Data           1  dcmi.o(.data)
    calibration_mem0                         0x2000001e   Data           1  dcmi.o(.data)
    calibration_mem1                         0x2000001f   Data           1  dcmi.o(.data)
    time_between_images                      0x20000020   Data           4  dcmi.o(.data)
    gyro_scale                               0x2000002c   Data           4  gyro.o(.data)
    x_rate_offset                            0x20000030   Data           4  gyro.o(.data)
    y_rate_offset                            0x20000034   Data           4  gyro.o(.data)
    z_rate_offset                            0x20000038   Data           4  gyro.o(.data)
    GYRO_DPS_Values                          0x20000040   Data           1  gyro.o(.data)
    dataRX                                   0x20000051   Data           1  i2c.o(.data)
    publishedIndexFrame1                     0x20000052   Data           1  i2c.o(.data)
    publishedIndexFrame2                     0x20000053   Data           1  i2c.o(.data)
    notpublishedIndexFrame1                  0x20000054   Data           1  i2c.o(.data)
    notpublishedIndexFrame2                  0x20000055   Data           1  i2c.o(.data)
    readout_done_frame1                      0x20000056   Data           1  i2c.o(.data)
    readout_done_frame2                      0x20000057   Data           1  i2c.o(.data)
    stop_accumulation                        0x20000058   Data           1  i2c.o(.data)
    LED_GPIO_PORTS                           0x20000080   Data          12  led.o(.data)
    image_buffer_8bit_1                      0x2000008c   Data           4  main.o(.data)
    image_buffer_8bit_2                      0x20000090   Data           4  main.o(.data)
    buffer_reset_needed                      0x20000094   Data           1  main.o(.data)
    boot_time_ms                             0x20000098   Data           4  main.o(.data)
    boot_time10_us                           0x2000009c   Data           4  main.o(.data)
    send_system_state_now                    0x200000a4   Data           1  main.o(.data)
    receive_now                              0x200000a5   Data           1  main.o(.data)
    send_params_now                          0x200000a6   Data           1  main.o(.data)
    send_image_now                           0x200000a7   Data           1  main.o(.data)
    send_lpos_now                            0x200000a8   Data           1  main.o(.data)
    x_pred                                   0x200000f8   Data           4  sonar.o(.data)
    v_pred                                   0x200000fc   Data           4  sonar.o(.data)
    x_post                                   0x20000100   Data           4  sonar.o(.data)
    v_post                                   0x20000104   Data           4  sonar.o(.data)
    sonar_raw                                0x20000108   Data           4  sonar.o(.data)
    sonar_mode                               0x2000010c   Data           4  sonar.o(.data)
    sonar_valid                              0x20000110   Data           4  sonar.o(.data)
    SystemCoreClock                          0x20000118   Data           4  system_stm32f4xx.o(.data)
    AHBPrescTable                            0x2000011c   Data          16  system_stm32f4xx.o(.data)
    usart2_tx_buffer                         0x2000012c   Data        4096  usart.o(.data)
    usart3_tx_buffer                         0x2000112c   Data        4096  usart.o(.data)
    usart2_tx_counter_read                   0x2000212c   Data           4  usart.o(.data)
    usart2_tx_counter_write                  0x20002130   Data           4  usart.o(.data)
    usart2_rx_counter_read                   0x20002134   Data           4  usart.o(.data)
    usart2_rx_counter_write                  0x20002138   Data           4  usart.o(.data)
    usart3_tx_counter_read                   0x2000213c   Data           4  usart.o(.data)
    usart3_tx_counter_write                  0x20002140   Data           4  usart.o(.data)
    usart3_rx_counter_read                   0x20002144   Data           4  usart.o(.data)
    usart3_rx_counter_write                  0x20002148   Data           4  usart.o(.data)
    linecoding                               0x2000214c   Data           8  usbd_cdc_vcp.o(.data)
    APP_tx_ptr_head                          0x20002154   Data           4  usbd_cdc_vcp.o(.data)
    APP_tx_ptr_tail                          0x20002158   Data           4  usbd_cdc_vcp.o(.data)
    VCP_fops                                 0x2000215c   Data          20  usbd_cdc_vcp.o(.data)
    USR_desc                                 0x20002170   Data          28  usbd_desc.o(.data)
    USBD_DeviceDesc                          0x2000218c   Data          18  usbd_desc.o(.data)
    USBD_DeviceQualifierDesc                 0x2000219e   Data          10  usbd_desc.o(.data)
    USBD_LangIDDesc                          0x200021a8   Data           4  usbd_desc.o(.data)
    USR_cb                                   0x200021ac   Data          28  usbd_usr.o(.data)
    SET_TEST_MODE                            0x200021d8   Data           4  usbd_core.o(.data)
    USBD_DCD_INT_cb                          0x200021dc   Data          44  usbd_core.o(.data)
    USBD_DCD_INT_fops                        0x20002208   Data           4  usbd_core.o(.data)
    USBD_ep_status                           0x2000220c   Data           4  usbd_req.o(.data)
    USBD_default_cfg                         0x20002210   Data           4  usbd_req.o(.data)
    USBD_cfg_status                          0x20002214   Data           4  usbd_req.o(.data)
    CmdBuff                                  0x20002220   Data           8  usbd_cdc_core.o(.data)
    APP_Rx_ptr_in                            0x20002228   Data           4  usbd_cdc_core.o(.data)
    APP_Rx_ptr_out                           0x2000222c   Data           4  usbd_cdc_core.o(.data)
    APP_Rx_length                            0x20002230   Data           4  usbd_cdc_core.o(.data)
    USB_Tx_State                             0x20002234   Data           1  usbd_cdc_core.o(.data)
    USBD_CDC_cb                              0x20002240   Data          44  usbd_cdc_core.o(.data)
    usbd_cdc_CfgDesc                         0x2000226c   Data          67  usbd_cdc_core.o(.data)
    __microlib_freelist                      0x200022b4   Data           4  mvars.o(.data)
    __microlib_freelist_initialised          0x200022b8   Data           4  mvars.o(.data)
    mavlink_system                           0x200022c0   Data           9  communication.o(.bss)
    dcmi_image_buffer_8bit_1                 0x2000273a   Data       22560  dcmi.o(.bss)
    dcmi_image_buffer_8bit_2                 0x20007f5a   Data       22560  dcmi.o(.bss)
    dcmi_image_buffer_8bit_3                 0x2000d77a   Data       22560  dcmi.o(.bss)
    txDataFrame1                             0x2001306c   Data          44  i2c.o(.bss)
    txDataFrame2                             0x20013098   Data          56  i2c.o(.bss)
    USB_OTG_dev                              0x200130d0   Data        1524  main.o(.bss)
    lpos                                     0x200136e8   Data          24  main.o(.bss)
    global_data                              0x20013700   Data         760  settings.o(.bss)
    usart2_rx_buffer                         0x20013a04   Data        4096  usart.o(.bss)
    usart3_rx_buffer                         0x20014a04   Data        4096  usart.o(.bss)
    APP_Tx_Buffer                            0x20015a04   Data         128  usbd_cdc_vcp.o(.bss)
    USBD_StrDesc                             0x20015a93   Data         255  usbd_req.o(.bss)
    usbd_cdc_OtherCfgDesc                    0x20015b92   Data          67  usbd_cdc_core.o(.bss)
    USB_Rx_Buffer                            0x20015bd5   Data          64  usbd_cdc_core.o(.bss)
    APP_Rx_Buffer                            0x20015c15   Data       32768  usbd_cdc_core.o(.bss)
    __heap_base                              0x2001dc18   Data           0  startup_stm32f429_439xx.o(HEAP)
    __heap_limit                             0x2001de18   Data           0  startup_stm32f429_439xx.o(HEAP)
    __initial_sp                             0x2001e218   Data           0  startup_stm32f429_439xx.o(STACK)



==============================================================================

Memory Map of the image

  Image Entry point : 0x080001ad

  Load Region LR_IROM1 (Base: 0x08000000, Size: 0x0000bf58, Max: 0x00100000, ABSOLUTE, COMPRESSED[0x00009ef4])

    Execution Region ER_IROM1 (Base: 0x08000000, Size: 0x00009c98, Max: 0x00100000, ABSOLUTE)

    Base Addr    Size         Type   Attr      Idx    E Section Name        Object

    0x08000000   0x000001ac   Data   RO         2361    RESET               startup_stm32f429_439xx.o
    0x080001ac   0x00000000   Code   RO         5084  * .ARM.Collect$$$$00000000  mc_w.l(entry.o)
    0x080001ac   0x00000004   Code   RO         5131    .ARM.Collect$$$$00000001  mc_w.l(entry2.o)
    0x080001b0   0x00000004   Code   RO         5134    .ARM.Collect$$$$00000004  mc_w.l(entry5.o)
    0x080001b4   0x00000000   Code   RO         5136    .ARM.Collect$$$$00000008  mc_w.l(entry7b.o)
    0x080001b4   0x00000000   Code   RO         5138    .ARM.Collect$$$$0000000A  mc_w.l(entry8b.o)
    0x080001b4   0x00000008   Code   RO         5139    .ARM.Collect$$$$0000000B  mc_w.l(entry9a.o)
    0x080001bc   0x00000000   Code   RO         5141    .ARM.Collect$$$$0000000D  mc_w.l(entry10a.o)
    0x080001bc   0x00000000   Code   RO         5143    .ARM.Collect$$$$0000000F  mc_w.l(entry11a.o)
    0x080001bc   0x00000004   Code   RO         5132    .ARM.Collect$$$$00002712  mc_w.l(entry2.o)
    0x080001c0   0x00000024   Code   RO         2362    .text               startup_stm32f429_439xx.o
    0x080001e4   0x00000024   Code   RO         5087    .text               mc_w.l(memcpya.o)
    0x08000208   0x00000024   Code   RO         5089    .text               mc_w.l(memseta.o)
    0x0800022c   0x00000018   Code   RO         5091    .text               mc_w.l(strncpy.o)
    0x08000244   0x0000000e   Code   RO         5093    .text               mc_w.l(strlen.o)
    0x08000252   0x00000028   Code   RO         5095    .text               mc_w.l(strncat.o)
    0x0800027a   0x00000012   Code   RO         5097    .text               mc_w.l(strcpy.o)
    0x0800028c   0x0000001a   Code   RO         5129    .text               mc_w.l(atoi.o)
    0x080002a6   0x00000070   Code   RO         5154    .text               mc_w.l(strtol.o)
    0x08000316   0x00000002   PAD
    0x08000318   0x00000024   Code   RO         5156    .text               mc_w.l(init.o)
    0x0800033c   0x00000008   Code   RO         5158    .text               mc_w.l(ctype_o.o)
    0x08000344   0x0000009e   Code   RO         5186    .text               mc_w.l(_strtoul.o)
    0x080003e2   0x0000001c   Code   RO         5188    .text               mc_w.l(_chval.o)
    0x080003fe   0x00000056   Code   RO         5198    .text               mc_w.l(__dczerorl2.o)
    0x08000454   0x00000004   Code   RO         1876    i.BusFault_Handler  stm32f4xx_it.o
    0x08000458   0x0000004a   Code   RO         4596    i.DCD_EP_Close      usb_dcd.o
    0x080004a2   0x00000048   Code   RO         4597    i.DCD_EP_ClrStall   usb_dcd.o
    0x080004ea   0x00000068   Code   RO         4599    i.DCD_EP_Open       usb_dcd.o
    0x08000552   0x00000052   Code   RO         4600    i.DCD_EP_PrepareRx  usb_dcd.o
    0x080005a4   0x0000001c   Code   RO         4601    i.DCD_EP_SetAddress  usb_dcd.o
    0x080005c0   0x00000048   Code   RO         4602    i.DCD_EP_Stall      usb_dcd.o
    0x08000608   0x0000004e   Code   RO         4603    i.DCD_EP_Tx         usb_dcd.o
    0x08000656   0x00000066   Code   RO         4682    i.DCD_HandleEnumDone_ISR  usb_dcd_int.o
    0x080006bc   0x00000144   Code   RO         4683    i.DCD_HandleInEP_ISR  usb_dcd_int.o
    0x08000800   0x00000100   Code   RO         4684    i.DCD_HandleOutEP_ISR  usb_dcd_int.o
    0x08000900   0x00000068   Code   RO         4685    i.DCD_HandleResume_ISR  usb_dcd_int.o
    0x08000968   0x000000b0   Code   RO         4686    i.DCD_HandleRxStatusQueueLevel_ISR  usb_dcd_int.o
    0x08000a18   0x0000002c   Code   RO         4687    i.DCD_HandleSof_ISR  usb_dcd_int.o
    0x08000a44   0x000000a8   Code   RO         4688    i.DCD_HandleUSBSuspend_ISR  usb_dcd_int.o
    0x08000aec   0x00000104   Code   RO         4689    i.DCD_HandleUsbReset_ISR  usb_dcd_int.o
    0x08000bf0   0x0000009c   Code   RO         4605    i.DCD_Init          usb_dcd.o
    0x08000c8c   0x0000002c   Code   RO         4690    i.DCD_IsoINIncomplete_ISR  usb_dcd_int.o
    0x08000cb8   0x0000002c   Code   RO         4691    i.DCD_IsoOUTIncomplete_ISR  usb_dcd_int.o
    0x08000ce4   0x0000002c   Code   RO         4692    i.DCD_OTG_ISR       usb_dcd_int.o
    0x08000d10   0x00000028   Code   RO         4693    i.DCD_ReadDevInEP   usb_dcd_int.o
    0x08000d38   0x0000002c   Code   RO         4694    i.DCD_SessionRequest_ISR  usb_dcd_int.o
    0x08000d64   0x000000ae   Code   RO         4695    i.DCD_WriteEmptyTxFifo  usb_dcd_int.o
    0x08000e12   0x00000002   PAD
    0x08000e14   0x00000024   Code   RO         2607    i.DCMI_CaptureCmd   stm32f4xx_dcmi.o
    0x08000e38   0x0000000c   Code   RO         2609    i.DCMI_ClearITPendingBit  stm32f4xx_dcmi.o
    0x08000e44   0x00000024   Code   RO         2610    i.DCMI_Cmd          stm32f4xx_dcmi.o
    0x08000e68   0x0000001c   Code   RO         2613    i.DCMI_GetITStatus  stm32f4xx_dcmi.o
    0x08000e84   0x00000012   Code   RO          520    i.DCMI_IRQHandler   dcmi.o
    0x08000e96   0x00000002   PAD
    0x08000e98   0x00000040   Code   RO         2615    i.DCMI_Init         stm32f4xx_dcmi.o
    0x08000ed8   0x000000a8   Code   RO          521    i.DMA2_Stream1_IRQHandler  dcmi.o
    0x08000f80   0x00000034   Code   RO         2706    i.DMA_ClearITPendingBit  stm32f4xx_dma.o
    0x08000fb4   0x00000016   Code   RO         2707    i.DMA_Cmd           stm32f4xx_dma.o
    0x08000fca   0x00000002   PAD
    0x08000fcc   0x00000158   Code   RO         2708    i.DMA_DeInit        stm32f4xx_dma.o
    0x08001124   0x00000016   Code   RO         2709    i.DMA_DoubleBufferModeCmd  stm32f4xx_dma.o
    0x0800113a   0x00000018   Code   RO         2710    i.DMA_DoubleBufferModeConfig  stm32f4xx_dma.o
    0x08001152   0x00000014   Code   RO         2714    i.DMA_GetCurrentMemoryTarget  stm32f4xx_dma.o
    0x08001166   0x00000002   PAD
    0x08001168   0x00000064   Code   RO         2717    i.DMA_GetITStatus   stm32f4xx_dma.o
    0x080011cc   0x0000003a   Code   RO         2718    i.DMA_ITConfig      stm32f4xx_dma.o
    0x08001206   0x00000002   PAD
    0x08001208   0x00000058   Code   RO         2719    i.DMA_Init          stm32f4xx_dma.o
    0x08001260   0x0000000a   Code   RO         2720    i.DMA_MemoryTargetConfig  stm32f4xx_dma.o
    0x0800126a   0x00000002   Code   RO         1877    i.DebugMon_Handler  stm32f4xx_it.o
    0x0800126c   0x00000090   Code   RO         2833    i.GPIO_Init         stm32f4xx_gpio.o
    0x080012fc   0x00000046   Code   RO         2834    i.GPIO_PinAFConfig  stm32f4xx_gpio.o
    0x08001342   0x00000008   Code   RO         2836    i.GPIO_ReadInputData  stm32f4xx_gpio.o
    0x0800134a   0x00000004   Code   RO         2840    i.GPIO_ResetBits    stm32f4xx_gpio.o
    0x0800134e   0x00000004   Code   RO         2841    i.GPIO_SetBits      stm32f4xx_gpio.o
    0x08001352   0x00000008   Code   RO         2843    i.GPIO_ToggleBits   stm32f4xx_gpio.o
    0x0800135a   0x00000002   PAD
    0x0800135c   0x000000cc   Code   RO         5022    i.Handle_USBAsynchXfer  usbd_cdc_core.o
    0x08001428   0x00000004   Code   RO         1878    i.HardFault_Handler  stm32f4xx_it.o
    0x0800142c   0x00000024   Code   RO         1083    i.I2C1_ER_IRQHandler  i2c.o
    0x08001450   0x00000184   Code   RO         1084    i.I2C1_EV_IRQHandler  i2c.o
    0x080015d4   0x00000018   Code   RO         2927    i.I2C_AcknowledgeConfig  stm32f4xx_i2c.o
    0x080015ec   0x0000002a   Code   RO         2929    i.I2C_CheckEvent    stm32f4xx_i2c.o
    0x08001616   0x00000002   PAD
    0x08001618   0x0000004c   Code   RO         1085    i.I2C_CleanADDRandSTOPF  i2c.o
    0x08001664   0x00000018   Code   RO         2932    i.I2C_Cmd           stm32f4xx_i2c.o
    0x0800167c   0x00000060   Code   RO         2935    i.I2C_DeInit        stm32f4xx_i2c.o
    0x080016dc   0x00000018   Code   RO         2939    i.I2C_GenerateSTART  stm32f4xx_i2c.o
    0x080016f4   0x00000018   Code   RO         2940    i.I2C_GenerateSTOP  stm32f4xx_i2c.o
    0x0800170c   0x0000001a   Code   RO         2943    i.I2C_GetLastEvent  stm32f4xx_i2c.o
    0x08001726   0x00000012   Code   RO         2945    i.I2C_ITConfig      stm32f4xx_i2c.o
    0x08001738   0x000000e8   Code   RO         2946    i.I2C_Init          stm32f4xx_i2c.o
    0x08001820   0x00000016   Code   RO         2950    i.I2C_ReadRegister  stm32f4xx_i2c.o
    0x08001836   0x00000008   Code   RO         2951    i.I2C_ReceiveData   stm32f4xx_i2c.o
    0x0800183e   0x00000010   Code   RO         2953    i.I2C_Send7bitAddress  stm32f4xx_i2c.o
    0x0800184e   0x00000004   Code   RO         2954    i.I2C_SendData      stm32f4xx_i2c.o
    0x08001852   0x00000016   Code   RO         2955    i.I2C_SoftwareResetCmd  stm32f4xx_i2c.o
    0x08001868   0x00000018   Code   RO         2956    i.I2C_StretchClockCmd  stm32f4xx_i2c.o
    0x08001880   0x0000004c   Code   RO         1157    i.LEDInit           led.o
    0x080018cc   0x00000020   Code   RO         1158    i.LEDOff            led.o
    0x080018ec   0x00000020   Code   RO         1159    i.LEDOn             led.o
    0x0800190c   0x00000020   Code   RO         1160    i.LEDToggle         led.o
    0x0800192c   0x00000004   Code   RO         1879    i.MemManage_Handler  stm32f4xx_it.o
    0x08001930   0x00000002   Code   RO         1880    i.NMI_Handler       stm32f4xx_it.o
    0x08001932   0x00000002   PAD
    0x08001934   0x00000078   Code   RO         4324    i.NVIC_Init         misc.o
    0x080019ac   0x00000014   Code   RO         4325    i.NVIC_PriorityGroupConfig  misc.o
    0x080019c0   0x00000010   Code   RO         1881    i.OTG_FS_IRQHandler  stm32f4xx_it.o
    0x080019d0   0x00000002   Code   RO         1882    i.PendSV_Handler    stm32f4xx_it.o
    0x080019d2   0x00000002   PAD
    0x080019d4   0x00000020   Code   RO         3137    i.RCC_AHB1PeriphClockCmd  stm32f4xx_rcc.o
    0x080019f4   0x00000020   Code   RO         3140    i.RCC_AHB2PeriphClockCmd  stm32f4xx_rcc.o
    0x08001a14   0x00000020   Code   RO         3146    i.RCC_APB1PeriphClockCmd  stm32f4xx_rcc.o
    0x08001a34   0x00000020   Code   RO         3148    i.RCC_APB1PeriphResetCmd  stm32f4xx_rcc.o
    0x08001a54   0x00000020   Code   RO         3149    i.RCC_APB2PeriphClockCmd  stm32f4xx_rcc.o
    0x08001a74   0x000000e8   Code   RO         3158    i.RCC_GetClocksFreq  stm32f4xx_rcc.o
    0x08001b5c   0x00000018   Code   RO         3422    i.SPI_Cmd           stm32f4xx_spi.o
    0x08001b74   0x00000012   Code   RO         3430    i.SPI_I2S_GetFlagStatus  stm32f4xx_spi.o
    0x08001b86   0x00000006   Code   RO         3433    i.SPI_I2S_ReceiveData  stm32f4xx_spi.o
    0x08001b8c   0x00000004   Code   RO         3434    i.SPI_I2S_SendData  stm32f4xx_spi.o
    0x08001b90   0x0000003c   Code   RO         3435    i.SPI_Init          stm32f4xx_spi.o
    0x08001bcc   0x00000002   Code   RO         1883    i.SVC_Handler       stm32f4xx_it.o
    0x08001bce   0x00000002   PAD
    0x08001bd0   0x000000ec   Code   RO         1957    i.SetSysClock       system_stm32f4xx.o
    0x08001cbc   0x00000008   Code   RO         1884    i.SysTick_Handler   stm32f4xx_it.o
    0x08001cc4   0x00000068   Code   RO         1959    i.SystemInit        system_stm32f4xx.o
    0x08001d2c   0x00000018   Code   RO         3583    i.TIM_ARRPreloadConfig  stm32f4xx_tim.o
    0x08001d44   0x00000018   Code   RO         3595    i.TIM_Cmd           stm32f4xx_tim.o
    0x08001d5c   0x000000a0   Code   RO         3634    i.TIM_OC3Init       stm32f4xx_tim.o
    0x08001dfc   0x00000012   Code   RO         3637    i.TIM_OC3PreloadConfig  stm32f4xx_tim.o
    0x08001e0e   0x00000002   PAD
    0x08001e10   0x00000084   Code   RO         3667    i.TIM_TimeBaseInit  stm32f4xx_tim.o
    0x08001e94   0x00000188   Code   RO         1798    i.UART4_IRQHandler  sonar.o
    0x0800201c   0x0000004c   Code   RO         1990    i.USART2_IRQHandler  usart.o
    0x08002068   0x0000004c   Code   RO         1991    i.USART3_IRQHandler  usart.o
    0x080020b4   0x00000018   Code   RO         4144    i.USART_Cmd         stm32f4xx_usart.o
    0x080020cc   0x00000054   Code   RO         4148    i.USART_GetITStatus  stm32f4xx_usart.o
    0x08002120   0x0000004a   Code   RO         4150    i.USART_ITConfig    stm32f4xx_usart.o
    0x0800216a   0x00000002   PAD
    0x0800216c   0x000000d4   Code   RO         4151    i.USART_Init        stm32f4xx_usart.o
    0x08002240   0x0000000a   Code   RO         4158    i.USART_ReceiveData  stm32f4xx_usart.o
    0x0800224a   0x00000008   Code   RO         4161    i.USART_SendData    stm32f4xx_usart.o
    0x08002252   0x00000016   Code   RO         4772    i.USBD_ClrCfg       usbd_core.o
    0x08002268   0x00000048   Code   RO         4924    i.USBD_ClrFeature   usbd_req.o
    0x080022b0   0x0000001e   Code   RO         4872    i.USBD_CtlContinueRx  usbd_ioreq.o
    0x080022ce   0x0000001e   Code   RO         4873    i.USBD_CtlContinueSendData  usbd_ioreq.o
    0x080022ec   0x0000001e   Code   RO         4925    i.USBD_CtlError     usbd_req.o
    0x0800230a   0x0000002e   Code   RO         4874    i.USBD_CtlPrepareRx  usbd_ioreq.o
    0x08002338   0x00000024   Code   RO         4875    i.USBD_CtlReceiveStatus  usbd_ioreq.o
    0x0800235c   0x0000002e   Code   RO         4876    i.USBD_CtlSendData  usbd_ioreq.o
    0x0800238a   0x00000024   Code   RO         4877    i.USBD_CtlSendStatus  usbd_ioreq.o
    0x080023ae   0x000000d0   Code   RO         4773    i.USBD_DataInStage  usbd_core.o
    0x0800247e   0x00000096   Code   RO         4774    i.USBD_DataOutStage  usbd_core.o
    0x08002514   0x00000006   Code   RO         4775    i.USBD_DeInit       usbd_core.o
    0x0800251a   0x00000018   Code   RO         4776    i.USBD_DevConnected  usbd_core.o
    0x08002532   0x00000024   Code   RO         4777    i.USBD_DevDisconnected  usbd_core.o
    0x08002556   0x00000002   PAD
    0x08002558   0x00000054   Code   RO         4926    i.USBD_GetConfig    usbd_req.o
    0x080025ac   0x00000122   Code   RO         4927    i.USBD_GetDescriptor  usbd_req.o
    0x080026ce   0x00000014   Code   RO         4928    i.USBD_GetLen       usbd_req.o
    0x080026e2   0x00000002   PAD
    0x080026e4   0x00000050   Code   RO         4929    i.USBD_GetStatus    usbd_req.o
    0x08002734   0x00000052   Code   RO         4930    i.USBD_GetString    usbd_req.o
    0x08002786   0x00000042   Code   RO         4778    i.USBD_Init         usbd_core.o
    0x080027c8   0x00000012   Code   RO         4779    i.USBD_IsoINIncomplete  usbd_core.o
    0x080027da   0x00000012   Code   RO         4780    i.USBD_IsoOUTIncomplete  usbd_core.o
    0x080027ec   0x00000100   Code   RO         4696    i.USBD_OTG_ISR_Handler  usb_dcd_int.o
    0x080028ec   0x00000048   Code   RO         4931    i.USBD_ParseSetupRequest  usbd_req.o
    0x08002934   0x00000032   Code   RO         4781    i.USBD_Reset        usbd_core.o
    0x08002966   0x0000001e   Code   RO         4782    i.USBD_Resume       usbd_core.o
    0x08002984   0x00000014   Code   RO         4783    i.USBD_RunTestMode  usbd_core.o
    0x08002998   0x0000001a   Code   RO         4784    i.USBD_SOF          usbd_core.o
    0x080029b2   0x0000005c   Code   RO         4932    i.USBD_SetAddress   usbd_req.o
    0x08002a0e   0x0000001e   Code   RO         4785    i.USBD_SetCfg       usbd_core.o
    0x08002a2c   0x000000d0   Code   RO         4933    i.USBD_SetConfig    usbd_req.o
    0x08002afc   0x000000a4   Code   RO         4934    i.USBD_SetFeature   usbd_req.o
    0x08002ba0   0x00000054   Code   RO         4786    i.USBD_SetupStage   usbd_core.o
    0x08002bf4   0x00000072   Code   RO         4935    i.USBD_StdDevReq    usbd_req.o
    0x08002c66   0x00000002   PAD
    0x08002c68   0x0000015c   Code   RO         4936    i.USBD_StdEPReq     usbd_req.o
    0x08002dc4   0x0000004c   Code   RO         4937    i.USBD_StdItfReq    usbd_req.o
    0x08002e10   0x00000020   Code   RO         4787    i.USBD_Suspend      usbd_core.o
    0x08002e30   0x00000034   Code   RO         2202    i.USBD_USR_ConfigStrDescriptor  usbd_desc.o
    0x08002e64   0x00000002   Code   RO         2273    i.USBD_USR_DeviceConfigured  usbd_usr.o
    0x08002e66   0x00000002   Code   RO         2274    i.USBD_USR_DeviceConnected  usbd_usr.o
    0x08002e68   0x00000010   Code   RO         2203    i.USBD_USR_DeviceDescriptor  usbd_desc.o
    0x08002e78   0x00000002   Code   RO         2275    i.USBD_USR_DeviceDisconnected  usbd_usr.o
    0x08002e7a   0x00000002   Code   RO         2276    i.USBD_USR_DeviceReset  usbd_usr.o
    0x08002e7c   0x00000002   Code   RO         2277    i.USBD_USR_DeviceResumed  usbd_usr.o
    0x08002e7e   0x00000002   Code   RO         2278    i.USBD_USR_DeviceSuspended  usbd_usr.o
    0x08002e80   0x00000002   Code   RO         2279    i.USBD_USR_Init     usbd_usr.o
    0x08002e82   0x00000002   PAD
    0x08002e84   0x00000038   Code   RO         2204    i.USBD_USR_InterfaceStrDescriptor  usbd_desc.o
    0x08002ebc   0x00000010   Code   RO         2205    i.USBD_USR_LangIDStrDescriptor  usbd_desc.o
    0x08002ecc   0x00000024   Code   RO         2206    i.USBD_USR_ManufacturerStrDescriptor  usbd_desc.o
    0x08002ef0   0x00000038   Code   RO         2207    i.USBD_USR_ProductStrDescriptor  usbd_desc.o
    0x08002f28   0x00000038   Code   RO         2208    i.USBD_USR_SerialStrDescriptor  usbd_desc.o
    0x08002f60   0x00000010   Code   RO         5023    i.USBD_cdc_GetCfgDesc  usbd_cdc_core.o
    0x08002f70   0x0000002c   Code   RO         2085    i.USB_OTG_BSP_EnableInterrupt  usb_bsp.o
    0x08002f9c   0x00000098   Code   RO         2086    i.USB_OTG_BSP_Init  usb_bsp.o
    0x08003034   0x00000012   Code   RO         2087    i.USB_OTG_BSP_mDelay  usb_bsp.o
    0x08003046   0x0000001e   Code   RO         2088    i.USB_OTG_BSP_uDelay  usb_bsp.o
    0x08003064   0x0000011a   Code   RO         4368    i.USB_OTG_CoreInit  usb_core.o
    0x0800317e   0x0000020e   Code   RO         4369    i.USB_OTG_CoreInitDev  usb_core.o
    0x0800338c   0x00000070   Code   RO         4370    i.USB_OTG_CoreReset  usb_core.o
    0x080033fc   0x00000022   Code   RO         4371    i.USB_OTG_DisableGlobalInt  usb_core.o
    0x0800341e   0x0000006a   Code   RO         4372    i.USB_OTG_EP0Activate  usb_core.o
    0x08003488   0x00000156   Code   RO         4373    i.USB_OTG_EP0StartXfer  usb_core.o
    0x080035de   0x00000062   Code   RO         4374    i.USB_OTG_EP0_OutStart  usb_core.o
    0x08003640   0x00000098   Code   RO         4375    i.USB_OTG_EPActivate  usb_core.o
    0x080036d8   0x00000050   Code   RO         4376    i.USB_OTG_EPClearStall  usb_core.o
    0x08003728   0x0000005e   Code   RO         4377    i.USB_OTG_EPDeactivate  usb_core.o
    0x08003786   0x00000064   Code   RO         4378    i.USB_OTG_EPSetStall  usb_core.o
    0x080037ea   0x000001f6   Code   RO         4379    i.USB_OTG_EPStartXfer  usb_core.o
    0x080039e0   0x00000034   Code   RO         4380    i.USB_OTG_EnableCommonInt  usb_core.o
    0x08003a14   0x000000b0   Code   RO         4381    i.USB_OTG_EnableDevInt  usb_core.o
    0x08003ac4   0x00000022   Code   RO         4382    i.USB_OTG_EnableGlobalInt  usb_core.o
    0x08003ae6   0x00000002   PAD
    0x08003ae8   0x0000004c   Code   RO         4383    i.USB_OTG_FlushRxFifo  usb_core.o
    0x08003b34   0x00000054   Code   RO         4384    i.USB_OTG_FlushTxFifo  usb_core.o
    0x08003b88   0x00000034   Code   RO         4385    i.USB_OTG_GetDeviceSpeed  usb_core.o
    0x08003bbc   0x0000000c   Code   RO         4387    i.USB_OTG_GetMode   usb_core.o
    0x08003bc8   0x00000018   Code   RO         4388    i.USB_OTG_InitDevSpeed  usb_core.o
    0x08003be0   0x00000016   Code   RO         4389    i.USB_OTG_IsDeviceMode  usb_core.o
    0x08003bf6   0x00000010   Code   RO         4391    i.USB_OTG_ReadCoreItr  usb_core.o
    0x08003c06   0x00000010   Code   RO         4392    i.USB_OTG_ReadDevAllInEPItr  usb_core.o
    0x08003c16   0x00000010   Code   RO         4393    i.USB_OTG_ReadDevAllOutEp_itr  usb_core.o
    0x08003c26   0x00000014   Code   RO         4394    i.USB_OTG_ReadDevOutEP_itr  usb_core.o
    0x08003c3a   0x00000028   Code   RO         4396    i.USB_OTG_ReadPacket  usb_core.o
    0x08003c62   0x00000002   PAD
    0x08003c64   0x000000d0   Code   RO         4397    i.USB_OTG_SelectCore  usb_core.o
    0x08003d34   0x0000004e   Code   RO         4398    i.USB_OTG_SetCurrentMode  usb_core.o
    0x08003d82   0x00000040   Code   RO         4402    i.USB_OTG_WritePacket  usb_core.o
    0x08003dc2   0x00000004   Code   RO         1885    i.UsageFault_Handler  stm32f4xx_it.o
    0x08003dc6   0x00000002   PAD
    0x08003dc8   0x00000078   Code   RO         2131    i.VCP_Ctrl          usbd_cdc_vcp.o
    0x08003e40   0x00000050   Code   RO         2132    i.VCP_DataRx        usbd_cdc_vcp.o
    0x08003e90   0x00000040   Code   RO         2133    i.VCP_DataTx        usbd_cdc_vcp.o
    0x08003ed0   0x00000004   Code   RO         2134    i.VCP_DeInit        usbd_cdc_vcp.o
    0x08003ed4   0x00000004   Code   RO         2135    i.VCP_Init          usbd_cdc_vcp.o
    0x08003ed8   0x00000044   Code   RO         2136    i.VCP_get_char      usbd_cdc_vcp.o
    0x08003f1c   0x0000000c   Code   RO         2138    i.VCP_put_char      usbd_cdc_vcp.o
    0x08003f28   0x00000008   Code   RO         5147    i.__aeabi_errno_addr  mc_w.l(errno.o)
    0x08003f30   0x0000000e   Code   RO         5192    i.__scatterload_copy  mc_w.l(handlers.o)
    0x08003f3e   0x00000002   Code   RO         5193    i.__scatterload_null  mc_w.l(handlers.o)
    0x08003f40   0x0000000e   Code   RO         5194    i.__scatterload_zeroinit  mc_w.l(handlers.o)
    0x08003f4e   0x00000002   PAD
    0x08003f50   0x000000d8   Code   RO            1    i._mav_finalize_message_chan_send  communication.o
    0x08004028   0x000000d8   Code   RO          522    i._mav_finalize_message_chan_send  dcmi.o
    0x08004100   0x000000d8   Code   RO          813    i._mav_finalize_message_chan_send  debug.o
    0x080041d8   0x000000d8   Code   RO         1201    i._mav_finalize_message_chan_send  main.o
    0x080042b0   0x00000014   Code   RO            2    i._mavlink_send_uart  communication.o
    0x080042c4   0x00000014   Code   RO          523    i._mavlink_send_uart  dcmi.o
    0x080042d8   0x00000014   Code   RO          814    i._mavlink_send_uart  debug.o
    0x080042ec   0x00000014   Code   RO         1202    i._mavlink_send_uart  main.o
    0x08004300   0x0000000c   Code   RO         1203    i.buffer_reset      main.o
    0x0800430c   0x0000002c   Code   RO            3    i.communication_init  communication.o
    0x08004338   0x00000084   Code   RO            4    i.communication_parameter_send  communication.o
    0x080043bc   0x00000038   Code   RO            5    i.communication_receive  communication.o
    0x080043f4   0x00000038   Code   RO            6    i.communication_receive_forward  communication.o
    0x0800442c   0x00000034   Code   RO            7    i.communication_receive_usb  communication.o
    0x08004460   0x00000064   Code   RO            8    i.communication_system_state_send  communication.o
    0x080044c4   0x000001ac   Code   RO          874    i.compute_diff      flow.o
    0x08004670   0x00000874   Code   RO          875    i.compute_flow      flow.o
    0x08004ee4   0x00000224   Code   RO          876    i.compute_sad_8x8   flow.o
    0x08005108   0x00000426   Code   RO          877    i.compute_subpixel  flow.o
    0x0800552e   0x00000022   Code   RO            9    i.crc_accumulate    communication.o
    0x08005550   0x00000022   Code   RO          524    i.crc_accumulate    dcmi.o
    0x08005572   0x00000022   Code   RO          815    i.crc_accumulate    debug.o
    0x08005594   0x00000022   Code   RO         1204    i.crc_accumulate    main.o
    0x080055b6   0x00000002   PAD
    0x080055b8   0x000000a0   Code   RO          525    i.dcmi_clock_init   dcmi.o
    0x08005658   0x0000001c   Code   RO          526    i.dcmi_dma_disable  dcmi.o
    0x08005674   0x00000020   Code   RO          527    i.dcmi_dma_enable   dcmi.o
    0x08005694   0x000000b8   Code   RO          528    i.dcmi_dma_init     dcmi.o
    0x0800574c   0x000001e4   Code   RO          529    i.dcmi_hw_init      dcmi.o
    0x08005930   0x0000001c   Code   RO          531    i.dcmi_restart_calibration_routine  dcmi.o
    0x0800594c   0x00000034   Code   RO          817    i.debug_int_message_buffer  debug.o
    0x08005980   0x0000006c   Code   RO          818    i.debug_message_buffer  debug.o
    0x080059ec   0x00000154   Code   RO          819    i.debug_message_send_one  debug.o
    0x08005b40   0x00000028   Code   RO          820    i.debug_string_message_buffer  debug.o
    0x08005b68   0x00000014   Code   RO         1205    i.delay             main.o
    0x08005b7c   0x00000094   Code   RO          532    i.dma_copy_image_buffers  dcmi.o
    0x08005c10   0x0000003c   Code   RO          533    i.dma_it_init       dcmi.o
    0x08005c4c   0x00000048   Code   RO          534    i.dma_reconfigure   dcmi.o
    0x08005c94   0x00000100   Code   RO          535    i.dma_swap_buffers  dcmi.o
    0x08005d94   0x00000034   Code   RO          536    i.enable_image_capture  dcmi.o
    0x08005dc8   0x00000050   Code   RO         5101    i.free              mc_w.l(malloc.o)
    0x08005e18   0x0000012c   Code   RO         2334    i.ftoa              utils.o
    0x08005f44   0x0000000c   Code   RO          925    i.getGyroRange      gyro.o
    0x08005f50   0x00000020   Code   RO          926    i.getGyroScalingFactor  gyro.o
    0x08005f70   0x00000010   Code   RO         1207    i.get_boot_time_us  main.o
    0x08005f80   0x0000000c   Code   RO          537    i.get_frame_counter  dcmi.o
    0x08005f8c   0x0000000c   Code   RO         1799    i.get_sonar_measure_time  sonar.o
    0x08005f98   0x0000000c   Code   RO          538    i.get_time_between_images  dcmi.o
    0x08005fa4   0x00000002   Code   RO         1433    i.global_data_reset  settings.o
    0x08005fa6   0x00000002   PAD
    0x08005fa8   0x00000640   Code   RO         1434    i.global_data_reset_param_defaults  settings.o
    0x080065e8   0x0000000c   Code   RO          927    i.gyro_config       gyro.o
    0x080065f4   0x00000174   Code   RO          928    i.gyro_read         gyro.o
    0x08006768   0x000004c8   Code   RO           10    i.handle_mavlink_message  communication.o
    0x08006c30   0x0000000e   Code   RO         1086    i.i2c_get_ownaddress1  i2c.o
    0x08006c3e   0x00000002   PAD
    0x08006c40   0x00000134   Code   RO         1087    i.i2c_init          i2c.o
    0x08006d74   0x0000005c   Code   RO         1855    i.insert_sonar_value_and_get_mode_value  sonar_mode_filter.o
    0x08006dd0   0x0000004c   Code   RO          931    i.l3gd20_SendHalfWord  gyro.o
    0x08006e1c   0x000000e4   Code   RO          934    i.l3gd20_config     gyro.o
    0x08006f00   0x0000006c   Code   RO         2336    i.ltoa              utils.o
    0x08006f6c   0x00000dec   Code   RO         1208    i.main              main.o
    0x08007d58   0x0000006c   Code   RO         5102    i.malloc            mc_w.l(malloc.o)
    0x08007dc4   0x00000020   Code   RO         1209    i.mav_array_memcpy  main.o
    0x08007de4   0x00000014   Code   RO           11    i.mavlink_get_channel_buffer  communication.o
    0x08007df8   0x00000014   Code   RO           12    i.mavlink_get_channel_status  communication.o
    0x08007e0c   0x00000022   Code   RO           13    i.mavlink_msg_command_ack_send  communication.o
    0x08007e2e   0x00000046   Code   RO          539    i.mavlink_msg_encapsulated_data_send  dcmi.o
    0x08007e74   0x0000003e   Code   RO           14    i.mavlink_msg_heartbeat_send  communication.o
    0x08007eb2   0x00000078   Code   RO         1210    i.mavlink_msg_optical_flow_rad_send  main.o
    0x08007f2a   0x0000005c   Code   RO         1211    i.mavlink_msg_optical_flow_send  main.o
    0x08007f86   0x00000064   Code   RO           15    i.mavlink_msg_param_value_send  communication.o
    0x08007fea   0x00000046   Code   RO          821    i.mavlink_msg_statustext_send  debug.o
    0x08008030   0x00000028   Code   RO           16    i.mavlink_msg_to_send_buffer  communication.o
    0x08008058   0x000001b0   Code   RO           17    i.mavlink_parse_char  communication.o
    0x08008208   0x00000038   Code   RO           18    i.mavlink_send_uart_bytes  communication.o
    0x08008240   0x0000000c   Code   RO           19    i.mavlink_start_checksum  communication.o
    0x0800824c   0x00000010   Code   RO           20    i.mavlink_update_checksum  communication.o
    0x0800825c   0x0000000e   Code   RO         1403    i.modifyreg32       reset.o
    0x0800826a   0x00000002   PAD
    0x0800826c   0x00000128   Code   RO         1355    i.mt9v034_ReadReg   mt9v034.o
    0x08008394   0x00000018   Code   RO         1356    i.mt9v034_ReadReg16  mt9v034.o
    0x080083ac   0x000000c0   Code   RO         1357    i.mt9v034_WriteReg  mt9v034.o
    0x0800846c   0x0000001e   Code   RO         1358    i.mt9v034_WriteReg16  mt9v034.o
    0x0800848a   0x00000002   PAD
    0x0800848c   0x000002f0   Code   RO         1359    i.mt9v034_context_configuration  mt9v034.o
    0x0800877c   0x0000002c   Code   RO         1360    i.mt9v034_set_context  mt9v034.o
    0x080087a8   0x00000058   Code   RO         1088    i.readI2CAddressOffset  i2c.o
    0x08008800   0x0000000c   Code   RO          540    i.reset_frame_counter  dcmi.o
    0x0800880c   0x0000027c   Code   RO          541    i.send_calibration_image  dcmi.o
    0x08008a88   0x0000006c   Code   RO         1435    i.set_sensor_position_settings  settings.o
    0x08008af4   0x00000060   Code   RO         1856    i.sonar_bubble_sort  sonar_mode_filter.o
    0x08008b54   0x000000e0   Code   RO         1801    i.sonar_config      sonar.o
    0x08008c34   0x000000b8   Code   RO         1802    i.sonar_filter      sonar.o
    0x08008cec   0x00000098   Code   RO         1803    i.sonar_read        sonar.o
    0x08008d84   0x00000014   Code   RO         1804    i.sonar_trigger     sonar.o
    0x08008d98   0x000000f4   Code   RO          935    i.spi_config        gyro.o
    0x08008e8c   0x00000014   Code   RO         1404    i.stm32_pwr_enablebkp  reset.o
    0x08008ea0   0x0000001c   Code   RO         1405    i.systemreset       reset.o
    0x08008ebc   0x00000030   Code   RO         1212    i.timer_update      main.o
    0x08008eec   0x000000dc   Code   RO         1213    i.timer_update_ms   main.o
    0x08008fc8   0x00000020   Code   RO         1406    i.up_systemreset    reset.o
    0x08008fe8   0x00000408   Code   RO         1089    i.update_TX_buffer  i2c.o
    0x080093f0   0x0000001c   Code   RO         1992    i.usart2_char_available  usart.o
    0x0800940c   0x00000048   Code   RO         1993    i.usart2_rx_ringbuffer_pop  usart.o
    0x08009454   0x00000048   Code   RO         1994    i.usart2_rx_ringbuffer_push_from_usart  usart.o
    0x0800949c   0x0000004c   Code   RO         1995    i.usart2_tx_ringbuffer_pop_to_usart  usart.o
    0x080094e8   0x0000008c   Code   RO         1996    i.usart2_tx_ringbuffer_push  usart.o
    0x08009574   0x0000001c   Code   RO         1997    i.usart3_char_available  usart.o
    0x08009590   0x00000048   Code   RO         1998    i.usart3_rx_ringbuffer_pop  usart.o
    0x080095d8   0x00000048   Code   RO         1999    i.usart3_rx_ringbuffer_push_from_usart  usart.o
    0x08009620   0x0000004c   Code   RO         2000    i.usart3_tx_ringbuffer_pop_to_usart  usart.o
    0x0800966c   0x0000008c   Code   RO         2001    i.usart3_tx_ringbuffer_push  usart.o
    0x080096f8   0x00000150   Code   RO         2002    i.usart_init        usart.o
    0x08009848   0x00000088   Code   RO         5024    i.usbd_cdc_DataIn   usbd_cdc_core.o
    0x080098d0   0x00000038   Code   RO         5025    i.usbd_cdc_DataOut  usbd_cdc_core.o
    0x08009908   0x0000002c   Code   RO         5026    i.usbd_cdc_DeInit   usbd_cdc_core.o
    0x08009934   0x00000038   Code   RO         5027    i.usbd_cdc_EP0_RxReady  usbd_cdc_core.o
    0x0800996c   0x00000058   Code   RO         5028    i.usbd_cdc_Init     usbd_cdc_core.o
    0x080099c4   0x00000028   Code   RO         5029    i.usbd_cdc_SOF      usbd_cdc_core.o
    0x080099ec   0x000000f0   Code   RO         5030    i.usbd_cdc_Setup    usbd_cdc_core.o
    0x08009adc   0x00000100   Data   RO           22    .constdata          communication.o
    0x08009bdc   0x00000014   Data   RO         1161    .constdata          led.o
    0x08009bf0   0x00000081   Data   RO         5159    .constdata          mc_w.l(ctype_o.o)
    0x08009c71   0x00000003   PAD
    0x08009c74   0x00000004   Data   RO         5160    .constdata          mc_w.l(ctype_o.o)
    0x08009c78   0x00000020   Data   RO         5190    Region$$Table       anon$$obj.o


    Execution Region RW_IRAM1 (Base: 0x20000000, Size: 0x0001e218, Max: 0x00020000, ABSOLUTE, COMPRESSED[0x0000025c])

    Base Addr    Size         Type   Attr      Idx    E Section Name        Object

    0x20000000   0x00000004   Data   RW           23    .data               communication.o
    0x20000004   0x00000020   Data   RW          543    .data               dcmi.o
    0x20000024   0x00000005   Data   RW          823    .data               debug.o
    0x20000029   0x00000003   PAD
    0x2000002c   0x00000024   Data   RW          937    .data               gyro.o
    0x20000050   0x00000030   Data   RW         1091    .data               i2c.o
    0x20000080   0x0000000c   Data   RW         1162    .data               led.o
    0x2000008c   0x00000040   Data   RW         1215    .data               main.o
    0x200000cc   0x00000048   Data   RW         1805    .data               sonar.o
    0x20000114   0x00000004   Data   RW         1858    .data               sonar_mode_filter.o
    0x20000118   0x00000014   Data   RW         1960    .data               system_stm32f4xx.o
    0x2000012c   0x00002020   Data   RW         2004    .data               usart.o
    0x2000214c   0x00000024   Data   RW         2141    .data               usbd_cdc_vcp.o
    0x20002170   0x0000003c   Data   RW         2209    .data               usbd_desc.o
    0x200021ac   0x0000001c   Data   RW         2280    .data               usbd_usr.o
    0x200021c8   0x00000010   Data   RW         3181    .data               stm32f4xx_rcc.o
    0x200021d8   0x00000034   Data   RW         4788    .data               usbd_core.o
    0x2000220c   0x0000000d   Data   RW         4939    .data               usbd_req.o
    0x20002219   0x00000003   PAD
    0x2000221c   0x00000098   Data   RW         5032    .data               usbd_cdc_core.o
    0x200022b4   0x00000004   Data   RW         5145    .data               mc_w.l(mvars.o)
    0x200022b8   0x00000004   Data   RW         5146    .data               mc_w.l(mvars.o)
    0x200022bc   0x00000004   Data   RW         5150    .data               mc_w.l(errno.o)
    0x200022c0   0x0000047a   Zero   RW           21    .bss                communication.o
    0x2000273a   0x00010860   Zero   RW          542    .bss                dcmi.o
    0x20012f9a   0x00000002   PAD
    0x20012f9c   0x000000d0   Zero   RW          822    .bss                debug.o
    0x2001306c   0x00000064   Zero   RW         1090    .bss                i2c.o
    0x200130d0   0x00000630   Zero   RW         1214    .bss                main.o
    0x20013700   0x000002f8   Zero   RW         1436    .bss                settings.o
    0x200139f8   0x0000000c   Zero   RW         1857    .bss                sonar_mode_filter.o
    0x20013a04   0x00002000   Zero   RW         2003    .bss                usart.o
    0x20015a04   0x00000080   Zero   RW         2140    .bss                usbd_cdc_vcp.o
    0x20015a84   0x0000000f   Zero   RW         2337    .bss                utils.o
    0x20015a93   0x000000ff   Zero   RW         4938    .bss                usbd_req.o
    0x20015b92   0x00008083   Zero   RW         5031    .bss                usbd_cdc_core.o
    0x2001dc15   0x00000003   PAD
    0x2001dc18   0x00000200   Zero   RW         2360    HEAP                startup_stm32f429_439xx.o
    0x2001de18   0x00000400   Zero   RW         2359    STACK               startup_stm32f429_439xx.o


==============================================================================

Image component sizes


      Code (inc. data)   RO Data    RW Data    ZI Data      Debug   Object Name

      2726        142        256          4       1146      55671   communication.o
      2702        268          0         32      67680     299930   dcmi.o
       880         84          0          5        208       8086   debug.o
      4202         26          0          0          0      14446   flow.o
       976         96          0         36          0      34634   gyro.o
      1942        184          0         48        100       7976   i2c.o
       172         44         20         12          0       8780   led.o
      4394        260          0         64       1584      63795   main.o
       140         24          0          0          0       3387   misc.o
      1338         40          0          0          0       9540   mt9v034.o
        94         22          0          0          0       1931   reset.o
      1710        676          0          0        760       3992   settings.o
       984        170          0         72          0       4814   sonar.o
       188          8          0          4         12       2052   sonar_mode_filter.o
        36          8        428          0       1536        792   startup_stm32f429_439xx.o
       176         26          0          0          0       3245   stm32f4xx_dcmi.o
       740         58          0          0          0      20392   stm32f4xx_dma.o
       238          0          0          0          0       4146   stm32f4xx_gpio.o
       606         28          0          0          0      17719   stm32f4xx_i2c.o
        48          6          0          0          0       4238   stm32f4xx_it.o
       392         48          0         16          0      18589   stm32f4xx_rcc.o
       112          0          0          0          0      11718   stm32f4xx_spi.o
       358         38          0          0          0      23637   stm32f4xx_tim.o
       412          8          0          0          0       4931   stm32f4xx_usart.o
       340         32          0         20          0       1741   system_stm32f4xx.o
      1264        172          0       8224       8192      14547   usart.o
       244          6          0          0          0      21791   usb_bsp.o
      3418         18          0          0          0      20456   usb_core.o
       666          0          0          0          0       5732   usb_dcd.o
      2080         60          0          0          0      10391   usb_dcd_int.o
       880        118          0        152      32899       8712   usbd_cdc_core.o
       352         40          0         36        128       6342   usbd_cdc_vcp.o
       820          6          0         52          0      11212   usbd_core.o
       288        112          0         60          0       5804   usbd_desc.o
       224          0          0          0          0       4392   usbd_ioreq.o
      1732         54          0         13        255      10159   usbd_req.o
        14          0          0         28          0       3165   usbd_usr.o
       408         18          0          0         15       2314   utils.o

    ----------------------------------------------------------------------
     38344       2900        736       8884     114520     755199   Object Totals
         0          0         32          0          0          0   (incl. Generated)
        48          0          0          6          5          0   (incl. Padding)

    ----------------------------------------------------------------------

      Code (inc. data)   RO Data    RW Data    ZI Data      Debug   Library Member Name

        86          0          0          0          0          0   __dczerorl2.o
        28          0          0          0          0         68   _chval.o
       158          0          0          0          0         92   _strtoul.o
        26          0          0          0          0         80   atoi.o
         8          4        133          0          0         68   ctype_o.o
         0          0          0          0          0          0   entry.o
         0          0          0          0          0          0   entry10a.o
         0          0          0          0          0          0   entry11a.o
         8          4          0          0          0          0   entry2.o
         4          0          0          0          0          0   entry5.o
         0          0          0          0          0          0   entry7b.o
         0          0          0          0          0          0   entry8b.o
         8          4          0          0          0          0   entry9a.o
         8          4          0          4          0         68   errno.o
        30          0          0          0          0          0   handlers.o
        36          8          0          0          0         68   init.o
       188         20          0          0          0        160   malloc.o
        36          0          0          0          0         68   memcpya.o
        36          0          0          0          0        108   memseta.o
         0          0          0          8          0          0   mvars.o
        18          0          0          0          0         68   strcpy.o
        14          0          0          0          0         68   strlen.o
        40          0          0          0          0         76   strncat.o
        24          0          0          0          0         76   strncpy.o
       112          0          0          0          0         88   strtol.o

    ----------------------------------------------------------------------
       872         44        136         12          0       1156   Library Totals
         4          0          3          0          0          0   (incl. Padding)

    ----------------------------------------------------------------------

      Code (inc. data)   RO Data    RW Data    ZI Data      Debug   Library Name

       868         44        133         12          0       1156   mc_w.l

    ----------------------------------------------------------------------
       872         44        136         12          0       1156   Library Totals

    ----------------------------------------------------------------------

==============================================================================


      Code (inc. data)   RO Data    RW Data    ZI Data      Debug   

     39216       2944        872       8896     114520     725719   Grand Totals
     39216       2944        872        604     114520     725719   ELF Image Totals (compressed)
     39216       2944        872        604          0          0   ROM Totals

==============================================================================

    Total RO  Size (Code + RO Data)                40088 (  39.15kB)
    Total RW  Size (RW Data + ZI Data)            123416 ( 120.52kB)
    Total ROM Size (Code + RO Data + RW Data)      40692 (  39.74kB)

==============================================================================

